
> helixn@0.1.0 build
> next build --turbopack

 ⚠ Mismatching @next/swc version, detected: 15.5.7 while Next.js is on 15.5.11. Please ensure these match
 ⚠ Warning: Next.js inferred your workspace root, but it may not be correct.
 We detected multiple lockfiles and selected the directory of D:\vscodes\company\helix\package-lock.json as the root directory.
 To silence this warning, set `turbopack.root` in your Next.js config, or consider removing one of the lockfiles if it's not needed.
   See https://nextjs.org/docs/app/api-reference/config/next-config-js/turbopack#root-directory for more information.
 Detected additional lockfiles: 
   * D:\vscodes\company\helix\frontend\package-lock.json

   ▲ Next.js 15.5.11 (Turbopack)
   - Environments: .env

   Creating an optimized production build ...
 ⚠ Mismatching @next/swc version, detected: 15.5.7 while Next.js is on 15.5.11. Please ensure these match
 ✓ Finished writing to disk in 206ms
 ✓ Compiled successfully in 25.4s
   Linting and checking validity of types ...

Failed to compile.

./src/app/(auth)/login/page.tsx
2:25  Warning: 'Sign_in_hover' is defined but never used.  @typescript-eslint/no-unused-vars
5:14  Warning: The `{}` ("empty object") type allows any non-nullish value, including literals like `0` and `""`.
- If that's what you want, disable this lint rule with an inline comment or configure the 'allowObjectTypes' rule option.
- If you want a type meaning "any object", you probably want `object` instead.
- If you want a type meaning "any value", you probably want `unknown` instead.  @typescript-eslint/no-empty-object-type
7:20  Warning: 'props' is defined but never used.  @typescript-eslint/no-unused-vars

./src/app/(home)/(categories)/adventures/find/_components/CardCompo.tsx
4:10  Warning: 'Badge' is defined but never used.  @typescript-eslint/no-unused-vars
10:10  Warning: 'LikeIcon' is defined but never used.  @typescript-eslint/no-unused-vars
11:18  Warning: 'Navigation' is defined but never used.  @typescript-eslint/no-unused-vars
11:30  Warning: 'Building2' is defined but never used.  @typescript-eslint/no-unused-vars
11:56  Warning: 'Percent' is defined but never used.  @typescript-eslint/no-unused-vars
33:51  Warning: 'favourite' is defined but never used.  @typescript-eslint/no-unused-vars
42:5  Warning: 'description' is assigned a value but never used.  @typescript-eslint/no-unused-vars
56:13  Warning: Using `<img>` could result in slower LCP and higher bandwidth. Consider using `<Image />` from `next/image` or a custom image loader to automatically optimize images. This may incur additional usage or cost from your provider. See: https://nextjs.org/docs/messages/no-img-element  @next/next/no-img-element
168:11  Warning: Using `<img>` could result in slower LCP and higher bandwidth. Consider using `<Image />` from `next/image` or a custom image loader to automatically optimize images. This may incur additional usage or cost from your provider. See: https://nextjs.org/docs/messages/no-img-element  @next/next/no-img-element

./src/app/(home)/(categories)/adventures/find/_components/content.tsx
7:10  Warning: 'IconGrid4x4' is defined but never used.  @typescript-eslint/no-unused-vars
7:23  Warning: 'IconMenu4' is defined but never used.  @typescript-eslint/no-unused-vars
19:14  Warning: The `{}` ("empty object") type allows any non-nullish value, including literals like `0` and `""`.
- If that's what you want, disable this lint rule with an inline comment or configure the 'allowObjectTypes' rule option.
- If you want a type meaning "any object", you probably want `object` instead.
- If you want a type meaning "any value", you probably want `unknown` instead.  @typescript-eslint/no-empty-object-type
21:30  Warning: 'props' is defined but never used.  @typescript-eslint/no-unused-vars
24:17  Warning: 'setCity' is assigned a value but never used.  @typescript-eslint/no-unused-vars
25:10  Warning: 'open' is assigned a value but never used.  @typescript-eslint/no-unused-vars

./src/app/(home)/(categories)/adventures/page.tsx
5:8  Warning: 'AdventureFramePage' is defined but never used.  @typescript-eslint/no-unused-vars
11:10  Warning: 'OnlyCarousel' is defined but never used.  @typescript-eslint/no-unused-vars
12:10  Warning: 'PopularDestinationCarousel' is defined but never used.  @typescript-eslint/no-unused-vars
13:8  Warning: 'UnderConstruction' is defined but never used.  @typescript-eslint/no-unused-vars
16:10  Warning: 'Adventures_Box_FilterBarValues' is defined but never used.  @typescript-eslint/no-unused-vars
16:42  Warning: 'Search_box_values' is defined but never used.  @typescript-eslint/no-unused-vars
17:28  Warning: 'PersonStanding' is defined but never used.  @typescript-eslint/no-unused-vars
38:26  Warning: 'setDate' is assigned a value but never used.  @typescript-eslint/no-unused-vars

./src/app/(home)/(categories)/adventures/services/[serviceid]/page.tsx
5:27  Warning: 'useEffect' is defined but never used.  @typescript-eslint/no-unused-vars
7:10  Warning: 'useParams' is defined but never used.  @typescript-eslint/no-unused-vars
9:8  Warning: 'HotelItems' is defined but never used.  @typescript-eslint/no-unused-vars
10:10  Warning: 'useHotelStore' is defined but never used.  @typescript-eslint/no-unused-vars
11:29  Warning: 'Skeleton' is defined but never used.  @typescript-eslint/no-unused-vars
15:10  Warning: 'usegetBikeServiceDetails' is defined but never used.  @typescript-eslint/no-unused-vars
81:27  Warning: 'setIsBookingMode' is assigned a value but never used.  @typescript-eslint/no-unused-vars
82:11  Warning: 'ismobile' is assigned a value but never used.  @typescript-eslint/no-unused-vars

./src/app/(home)/(categories)/adventures/services/[serviceid]/_components/HotelItems.tsx
3:10  Warning: 'IconShare' is defined but never used.  @typescript-eslint/no-unused-vars
4:17  Warning: 'useEffect' is defined but never used.  @typescript-eslint/no-unused-vars
4:28  Warning: 'useState' is defined but never used.  @typescript-eslint/no-unused-vars
19:3  Warning: 'loading' is defined but never used.  @typescript-eslint/no-unused-vars

./src/app/(home)/(categories)/adventures/services/[serviceid]/_components/tabs.tsx
22:3  Warning: 'values' is defined but never used.  @typescript-eslint/no-unused-vars
24:3  Warning: 'isBookingMode' is defined but never used.  @typescript-eslint/no-unused-vars
25:3  Warning: 'isAvailabilityLoading' is defined but never used.  @typescript-eslint/no-unused-vars
59:9  Warning: 'sectionRef' is assigned a value but never used.  @typescript-eslint/no-unused-vars
59:22  Warning: React Hook "useRef" is called conditionally. React Hooks must be called in the exact same order in every component render. Did you accidentally call a React Hook after an early return?  react-hooks/rules-of-hooks
108:38  Warning: Unexpected any. Specify a different type.  @typescript-eslint/no-explicit-any
109:38  Warning: Unexpected any. Specify a different type.  @typescript-eslint/no-explicit-any

./src/app/(home)/(categories)/adventures/[adventureid]/page.tsx
5:27  Warning: 'useEffect' is defined but never used.  @typescript-eslint/no-unused-vars
8:10  Warning: 'useParams' is defined but never used.  @typescript-eslint/no-unused-vars
11:10  Warning: 'useHotelStore' is defined but never used.  @typescript-eslint/no-unused-vars
12:29  Warning: 'Skeleton' is defined but never used.  @typescript-eslint/no-unused-vars
14:3  Warning: 'useHotelDetailsQuery' is defined but never used.  @typescript-eslint/no-unused-vars
23:25  Warning: 'setIsBookingMode' is assigned a value but never used.  @typescript-eslint/no-unused-vars
24:9  Warning: 'ismobile' is assigned a value but never used.  @typescript-eslint/no-unused-vars

./src/app/(home)/(categories)/adventures/[adventureid]/_components/adventure-card.tsx
3:10  Warning: 'format' is defined but never used.  @typescript-eslint/no-unused-vars
6:10  Warning: 'useHotelStore' is defined but never used.  @typescript-eslint/no-unused-vars
27:3  Warning: 'companyId' is defined but never used.  @typescript-eslint/no-unused-vars
31:3  Warning: 'itinerary' is defined but never used.  @typescript-eslint/no-unused-vars
35:3  Warning: 'totalTax' is defined but never used.  @typescript-eslint/no-unused-vars
39:10  Warning: 'loading' is assigned a value but never used.  @typescript-eslint/no-unused-vars
39:19  Warning: 'setLoading' is assigned a value but never used.  @typescript-eslint/no-unused-vars
40:17  Warning: 'guests' is assigned a value but never used.  @typescript-eslint/no-unused-vars
41:11  Warning: 'handleClick' is assigned a value but never used.  @typescript-eslint/no-unused-vars
70:13  Warning: Using `<img>` could result in slower LCP and higher bandwidth. Consider using `<Image />` from `next/image` or a custom image loader to automatically optimize images. This may incur additional usage or cost from your provider. See: https://nextjs.org/docs/messages/no-img-element  @next/next/no-img-element

./src/app/(home)/(categories)/adventures/[adventureid]/_components/calander-booking.tsx
65:3  Warning: 'className' is defined but never used.  @typescript-eslint/no-unused-vars

./src/app/(home)/(categories)/adventures/[adventureid]/_components/HotelItems.tsx
3:10  Warning: 'IconShare' is defined but never used.  @typescript-eslint/no-unused-vars
4:17  Warning: 'useEffect' is defined but never used.  @typescript-eslint/no-unused-vars
4:28  Warning: 'useState' is defined but never used.  @typescript-eslint/no-unused-vars
21:3  Warning: 'loading' is defined but never used.  @typescript-eslint/no-unused-vars

./src/app/(home)/(categories)/adventures/[adventureid]/_components/policies.tsx
19:13  Warning: 'data' is assigned a value but never used.  @typescript-eslint/no-unused-vars
30:15  Warning: Unexpected any. Specify a different type.  @typescript-eslint/no-explicit-any

./src/app/(home)/(categories)/adventures/[adventureid]/_components/rooms.tsx
4:3  Warning: 'Tabs' is defined but never used.  @typescript-eslint/no-unused-vars
5:3  Warning: 'TabsContent' is defined but never used.  @typescript-eslint/no-unused-vars
6:3  Warning: 'TabsList' is defined but never used.  @typescript-eslint/no-unused-vars
7:3  Warning: 'TabsTrigger' is defined but never used.  @typescript-eslint/no-unused-vars
9:10  Warning: 'RoomType' is defined but never used.  @typescript-eslint/no-unused-vars
10:10  Warning: 'useHotelStore' is defined but never used.  @typescript-eslint/no-unused-vars
86:3  Warning: 'isBookingMode' is defined but never used.  @typescript-eslint/no-unused-vars

./src/app/(home)/(categories)/adventures/[adventureid]/_components/tabs.tsx
3:17  Warning: 'useEffect' is defined but never used.  @typescript-eslint/no-unused-vars
3:36  Warning: 'useState' is defined but never used.  @typescript-eslint/no-unused-vars
21:3  Warning: 'values' is defined but never used.  @typescript-eslint/no-unused-vars
63:22  Warning: React Hook "useRef" is called conditionally. React Hooks must be called in the exact same order in every component render. Did you accidentally call a React Hook after an early return?  react-hooks/rules-of-hooks

./src/app/(home)/(categories)/adventures/[adventureid]/_providers_context/AdventureDetailsContextProvider.tsx
38:14  Warning: Unexpected any. Specify a different type.  @typescript-eslint/no-explicit-any
43:53  Warning: The `{}` ("empty object") type allows any non-nullish value, including literals like `0` and `""`.
- If that's what you want, disable this lint rule with an inline comment or configure the 'allowObjectTypes' rule option.
- If you want a type meaning "any object", you probably want `object` instead.
- If you want a type meaning "any value", you probably want `unknown` instead.  @typescript-eslint/no-empty-object-type
47:44  Warning: 'adventureId' is defined but never used.  @typescript-eslint/no-unused-vars

./src/app/(home)/(categories)/adventures/_components/activityDummy.tsx
63:33  Warning: Using `<img>` could result in slower LCP and higher bandwidth. Consider using `<Image />` from `next/image` or a custom image loader to automatically optimize images. This may incur additional usage or cost from your provider. See: https://nextjs.org/docs/messages/no-img-element  @next/next/no-img-element
97:33  Warning: Using `<img>` could result in slower LCP and higher bandwidth. Consider using `<Image />` from `next/image` or a custom image loader to automatically optimize images. This may incur additional usage or cost from your provider. See: https://nextjs.org/docs/messages/no-img-element  @next/next/no-img-element
112:21  Warning: Using `<img>` could result in slower LCP and higher bandwidth. Consider using `<Image />` from `next/image` or a custom image loader to automatically optimize images. This may incur additional usage or cost from your provider. See: https://nextjs.org/docs/messages/no-img-element  @next/next/no-img-element

./src/app/(home)/(categories)/bikes/find/page.tsx
6:10  Warning: 'HotelContextProvider' is defined but never used.  @typescript-eslint/no-unused-vars
9:10  Warning: 'IconArrowRampRight' is defined but never used.  @typescript-eslint/no-unused-vars
10:10  Warning: 'Button' is defined but never used.  @typescript-eslint/no-unused-vars

./src/app/(home)/(categories)/bikes/find/_components/CardCompo.tsx
11:10  Warning: 'LikeIcon' is defined but never used.  @typescript-eslint/no-unused-vars
12:47  Warning: 'IndianRupee' is defined but never used.  @typescript-eslint/no-unused-vars
45:40  Warning: 'favourite' is defined but never used.  @typescript-eslint/no-unused-vars
70:13  Warning: Using `<img>` could result in slower LCP and higher bandwidth. Consider using `<Image />` from `next/image` or a custom image loader to automatically optimize images. This may incur additional usage or cost from your provider. See: https://nextjs.org/docs/messages/no-img-element  @next/next/no-img-element
189:11  Warning: Using `<img>` could result in slower LCP and higher bandwidth. Consider using `<Image />` from `next/image` or a custom image loader to automatically optimize images. This may incur additional usage or cost from your provider. See: https://nextjs.org/docs/messages/no-img-element  @next/next/no-img-element

./src/app/(home)/(categories)/bikes/find/_components/content.tsx
6:10  Warning: 'IconGrid4x4' is defined but never used.  @typescript-eslint/no-unused-vars
6:23  Warning: 'IconMenu4' is defined but never used.  @typescript-eslint/no-unused-vars
21:14  Warning: The `{}` ("empty object") type allows any non-nullish value, including literals like `0` and `""`.
- If that's what you want, disable this lint rule with an inline comment or configure the 'allowObjectTypes' rule option.
- If you want a type meaning "any object", you probably want `object` instead.
- If you want a type meaning "any value", you probably want `unknown` instead.  @typescript-eslint/no-empty-object-type
23:30  Warning: 'props' is defined but never used.  @typescript-eslint/no-unused-vars
26:17  Warning: 'setCity' is assigned a value but never used.  @typescript-eslint/no-unused-vars
27:10  Warning: 'open' is assigned a value but never used.  @typescript-eslint/no-unused-vars
70:29  Warning: 'page' is assigned a value but never used.  @typescript-eslint/no-unused-vars
70:35  Warning: 'setPage' is assigned a value but never used.  @typescript-eslint/no-unused-vars
70:44  Warning: 'total' is assigned a value but never used.  @typescript-eslint/no-unused-vars

./src/app/(home)/(categories)/bikes/page.tsx
5:20  Warning: 'useState' is defined but never used.  @typescript-eslint/no-unused-vars
8:10  Warning: 'Bikes_Box_FilterBarValues' is defined but never used.  @typescript-eslint/no-unused-vars
8:37  Warning: 'Search_box_values' is defined but never used.  @typescript-eslint/no-unused-vars
11:10  Warning: 'HotelPopularCites' is defined but never used.  @typescript-eslint/no-unused-vars
14:28  Warning: 'PersonStanding' is defined but never used.  @typescript-eslint/no-unused-vars
18:26  Warning: 'setDate' is assigned a value but never used.  @typescript-eslint/no-unused-vars
18:52  Warning: React Hook "useBikesStore" is called in function "page" that is neither a React function component nor a custom React Hook function. React component names must start with an uppercase letter. React Hook names must start with the word "use".  react-hooks/rules-of-hooks

./src/app/(home)/(categories)/bikes/services/[serviceid]/page.tsx
5:27  Warning: 'useEffect' is defined but never used.  @typescript-eslint/no-unused-vars
7:10  Warning: 'useParams' is defined but never used.  @typescript-eslint/no-unused-vars
9:8  Warning: 'HotelItems' is defined but never used.  @typescript-eslint/no-unused-vars
10:10  Warning: 'useHotelStore' is defined but never used.  @typescript-eslint/no-unused-vars
11:29  Warning: 'Skeleton' is defined but never used.  @typescript-eslint/no-unused-vars
63:27  Warning: 'setIsBookingMode' is assigned a value but never used.  @typescript-eslint/no-unused-vars
64:11  Warning: 'ismobile' is assigned a value but never used.  @typescript-eslint/no-unused-vars

./src/app/(home)/(categories)/bikes/services/[serviceid]/_components/HotelItems.tsx
3:10  Warning: 'IconShare' is defined but never used.  @typescript-eslint/no-unused-vars
4:17  Warning: 'useEffect' is defined but never used.  @typescript-eslint/no-unused-vars
4:28  Warning: 'useState' is defined but never used.  @typescript-eslint/no-unused-vars
19:3  Warning: 'loading' is defined but never used.  @typescript-eslint/no-unused-vars

./src/app/(home)/(categories)/bikes/services/[serviceid]/_components/tabs.tsx
3:17  Warning: 'useEffect' is defined but never used.  @typescript-eslint/no-unused-vars
21:3  Warning: 'values' is defined but never used.  @typescript-eslint/no-unused-vars
23:3  Warning: 'isBookingMode' is defined but never used.  @typescript-eslint/no-unused-vars
24:3  Warning: 'isAvailabilityLoading' is defined but never used.  @typescript-eslint/no-unused-vars
51:22  Warning: React Hook "useRef" is called conditionally. React Hooks must be called in the exact same order in every component render. Did you accidentally call a React Hook after an early return?  react-hooks/rules-of-hooks
52:9  Warning: 'handleClick' is assigned a value but never used.  @typescript-eslint/no-unused-vars
205:13  Warning: Using `<img>` could result in slower LCP and higher bandwidth. Consider using `<Image />` from `next/image` or a custom image loader to automatically optimize images. This may incur additional usage or cost from your provider. See: https://nextjs.org/docs/messages/no-img-element  @next/next/no-img-element

./src/app/(home)/(categories)/bikes/[bikeid]/page.tsx
5:27  Warning: 'useEffect' is defined but never used.  @typescript-eslint/no-unused-vars
12:29  Warning: 'Skeleton' is defined but never used.  @typescript-eslint/no-unused-vars
20:25  Warning: 'setIsBookingMode' is assigned a value but never used.  @typescript-eslint/no-unused-vars
21:9  Warning: 'ismobile' is assigned a value but never used.  @typescript-eslint/no-unused-vars
30:11  Warning: 'date' is assigned a value but never used.  @typescript-eslint/no-unused-vars
30:17  Warning: 'guests' is assigned a value but never used.  @typescript-eslint/no-unused-vars

./src/app/(home)/(categories)/bikes/[bikeid]/_components/bike-card.tsx
11:10  Warning: 'Skeleton' is defined but never used.  @typescript-eslint/no-unused-vars
14:3  Warning: 'Fuel' is defined but never used.  @typescript-eslint/no-unused-vars
18:3  Warning: 'Star' is defined but never used.  @typescript-eslint/no-unused-vars
37:10  Warning: 'loading' is assigned a value but never used.  @typescript-eslint/no-unused-vars
37:19  Warning: 'setLoading' is assigned a value but never used.  @typescript-eslint/no-unused-vars
67:13  Warning: Using `<img>` could result in slower LCP and higher bandwidth. Consider using `<Image />` from `next/image` or a custom image loader to automatically optimize images. This may incur additional usage or cost from your provider. See: https://nextjs.org/docs/messages/no-img-element  @next/next/no-img-element

./src/app/(home)/(categories)/bikes/[bikeid]/_components/calander-booking.tsx
65:3  Warning: 'className' is defined but never used.  @typescript-eslint/no-unused-vars

./src/app/(home)/(categories)/bikes/[bikeid]/_components/HotelItems.tsx
3:10  Warning: 'IconShare' is defined but never used.  @typescript-eslint/no-unused-vars
4:17  Warning: 'useEffect' is defined but never used.  @typescript-eslint/no-unused-vars
4:28  Warning: 'useState' is defined but never used.  @typescript-eslint/no-unused-vars
10:10  Warning: 'Hotel' is defined but never used.  @typescript-eslint/no-unused-vars
22:3  Warning: 'loading' is defined but never used.  @typescript-eslint/no-unused-vars

./src/app/(home)/(categories)/bikes/[bikeid]/_components/policies.tsx
19:13  Warning: 'data' is assigned a value but never used.  @typescript-eslint/no-unused-vars
30:15  Warning: Unexpected any. Specify a different type.  @typescript-eslint/no-explicit-any

./src/app/(home)/(categories)/bikes/[bikeid]/_components/rooms.tsx
4:3  Warning: 'Tabs' is defined but never used.  @typescript-eslint/no-unused-vars
5:3  Warning: 'TabsContent' is defined but never used.  @typescript-eslint/no-unused-vars
6:3  Warning: 'TabsList' is defined but never used.  @typescript-eslint/no-unused-vars
7:3  Warning: 'TabsTrigger' is defined but never used.  @typescript-eslint/no-unused-vars
10:10  Warning: 'RoomType' is defined but never used.  @typescript-eslint/no-unused-vars
11:10  Warning: 'useHotelStore' is defined but never used.  @typescript-eslint/no-unused-vars
85:3  Warning: 'isBookingMode' is defined but never used.  @typescript-eslint/no-unused-vars

./src/app/(home)/(categories)/bikes/[bikeid]/_components/tabs.tsx
3:17  Warning: 'useEffect' is defined but never used.  @typescript-eslint/no-unused-vars
3:36  Warning: 'useState' is defined but never used.  @typescript-eslint/no-unused-vars
22:3  Warning: 'values' is defined but never used.  @typescript-eslint/no-unused-vars
64:22  Warning: React Hook "useRef" is called conditionally. React Hooks must be called in the exact same order in every component render. Did you accidentally call a React Hook after an early return?  react-hooks/rules-of-hooks

./src/app/(home)/(categories)/bikes/[bikeid]/_providers_context/bike-contextProvider.tsx
50:42  Warning: The `{}` ("empty object") type allows any non-nullish value, including literals like `0` and `""`.
- If that's what you want, disable this lint rule with an inline comment or configure the 'allowObjectTypes' rule option.
- If you want a type meaning "any object", you probably want `object` instead.
- If you want a type meaning "any value", you probably want `unknown` instead.  @typescript-eslint/no-empty-object-type
54:39  Warning: 'bikeId' is defined but never used.  @typescript-eslint/no-unused-vars

./src/app/(home)/(categories)/buses/page.tsx
2:10  Warning: 'cn' is defined but never used.  @typescript-eslint/no-unused-vars
3:17  Warning: 'Suspense' is defined but never used.  @typescript-eslint/no-unused-vars
4:10  Warning: 'ErrorBoundary' is defined but never used.  @typescript-eslint/no-unused-vars
5:8  Warning: 'MainFramePage' is defined but never used.  @typescript-eslint/no-unused-vars
7:10  Warning: 'MessageModal' is defined but never used.  @typescript-eslint/no-unused-vars
8:10  Warning: 'PageSkeleton' is defined but never used.  @typescript-eslint/no-unused-vars
58:17  Warning: 'className' is defined but never used.  @typescript-eslint/no-unused-vars

./src/app/(home)/(categories)/cabs/find/_components/CardCompo.tsx
10:10  Warning: 'LikeIcon' is defined but never used.  @typescript-eslint/no-unused-vars
46:39  Warning: 'favourite' is defined but never used.  @typescript-eslint/no-unused-vars
77:13  Warning: Using `<img>` could result in slower LCP and higher bandwidth. Consider using `<Image />` from `next/image` or a custom image loader to automatically optimize images. This may incur additional usage or cost from your provider. See: https://nextjs.org/docs/messages/no-img-element  @next/next/no-img-element
226:11  Warning: Using `<img>` could result in slower LCP and higher bandwidth. Consider using `<Image />` from `next/image` or a custom image loader to automatically optimize images. This may incur additional usage or cost from your provider. See: https://nextjs.org/docs/messages/no-img-element  @next/next/no-img-element

./src/app/(home)/(categories)/cabs/find/_components/content.tsx
6:10  Warning: 'IconGrid4x4' is defined but never used.  @typescript-eslint/no-unused-vars
6:23  Warning: 'IconMenu4' is defined but never used.  @typescript-eslint/no-unused-vars
8:22  Warning: 'Hotel' is defined but never used.  @typescript-eslint/no-unused-vars
25:10  Warning: 'open' is assigned a value but never used.  @typescript-eslint/no-unused-vars

./src/app/(home)/(categories)/cabs/page.tsx
3:27  Warning: 'useEffect' is defined but never used.  @typescript-eslint/no-unused-vars
12:10  Warning: 'Cabs_Box_FilterBarValues' is defined but never used.  @typescript-eslint/no-unused-vars
12:36  Warning: 'Search_box_values' is defined but never used.  @typescript-eslint/no-unused-vars
14:10  Warning: 'PersonStanding' is defined but never used.  @typescript-eslint/no-unused-vars
66:67  Warning: 'setDate' is assigned a value but never used.  @typescript-eslint/no-unused-vars
67:10  Warning: 'filterQuery' is assigned a value but never used.  @typescript-eslint/no-unused-vars
72:11  Warning: 'data' is assigned a value but never used.  @typescript-eslint/no-unused-vars
72:17  Warning: 'isLoading' is assigned a value but never used.  @typescript-eslint/no-unused-vars
72:28  Warning: 'error' is assigned a value but never used.  @typescript-eslint/no-unused-vars

./src/app/(home)/(categories)/cabs/services/[serviceid]/page.tsx
5:27  Warning: 'useEffect' is defined but never used.  @typescript-eslint/no-unused-vars
7:10  Warning: 'useParams' is defined but never used.  @typescript-eslint/no-unused-vars
9:8  Warning: 'HotelItems' is defined but never used.  @typescript-eslint/no-unused-vars
10:10  Warning: 'useHotelStore' is defined but never used.  @typescript-eslint/no-unused-vars
11:29  Warning: 'Skeleton' is defined but never used.  @typescript-eslint/no-unused-vars
15:10  Warning: 'usegetBikeServiceDetails' is defined but never used.  @typescript-eslint/no-unused-vars
66:27  Warning: 'setIsBookingMode' is assigned a value but never used.  @typescript-eslint/no-unused-vars
67:11  Warning: 'ismobile' is assigned a value but never used.  @typescript-eslint/no-unused-vars

./src/app/(home)/(categories)/cabs/services/[serviceid]/_components/HotelItems.tsx
3:10  Warning: 'IconShare' is defined but never used.  @typescript-eslint/no-unused-vars
4:17  Warning: 'useEffect' is defined but never used.  @typescript-eslint/no-unused-vars
4:28  Warning: 'useState' is defined but never used.  @typescript-eslint/no-unused-vars
19:3  Warning: 'loading' is defined but never used.  @typescript-eslint/no-unused-vars

./src/app/(home)/(categories)/cabs/services/[serviceid]/_components/tabs.tsx
3:17  Warning: 'useEffect' is defined but never used.  @typescript-eslint/no-unused-vars
21:3  Warning: 'values' is defined but never used.  @typescript-eslint/no-unused-vars
23:3  Warning: 'isBookingMode' is defined but never used.  @typescript-eslint/no-unused-vars
24:3  Warning: 'isAvailabilityLoading' is defined but never used.  @typescript-eslint/no-unused-vars
51:22  Warning: React Hook "useRef" is called conditionally. React Hooks must be called in the exact same order in every component render. Did you accidentally call a React Hook after an early return?  react-hooks/rules-of-hooks
52:9  Warning: 'handleClick' is assigned a value but never used.  @typescript-eslint/no-unused-vars
182:10  Warning: 'CometCard' is defined but never used.  @typescript-eslint/no-unused-vars
203:13  Warning: Using `<img>` could result in slower LCP and higher bandwidth. Consider using `<Image />` from `next/image` or a custom image loader to automatically optimize images. This may incur additional usage or cost from your provider. See: https://nextjs.org/docs/messages/no-img-element  @next/next/no-img-element

./src/app/(home)/(categories)/cabs/[cabid]/page.tsx
5:27  Warning: 'useEffect' is defined but never used.  @typescript-eslint/no-unused-vars
8:10  Warning: 'useParams' is defined but never used.  @typescript-eslint/no-unused-vars
11:10  Warning: 'useHotelStore' is defined but never used.  @typescript-eslint/no-unused-vars
12:29  Warning: 'Skeleton' is defined but never used.  @typescript-eslint/no-unused-vars
16:10  Warning: 'useBilesCompanyDetailsQuery' is defined but never used.  @typescript-eslint/no-unused-vars
22:25  Warning: 'setIsBookingMode' is assigned a value but never used.  @typescript-eslint/no-unused-vars
23:9  Warning: 'ismobile' is assigned a value but never used.  @typescript-eslint/no-unused-vars

./src/app/(home)/(categories)/cabs/[cabid]/_components/cab-card.tsx
71:13  Warning: Using `<img>` could result in slower LCP and higher bandwidth. Consider using `<Image />` from `next/image` or a custom image loader to automatically optimize images. This may incur additional usage or cost from your provider. See: https://nextjs.org/docs/messages/no-img-element  @next/next/no-img-element

./src/app/(home)/(categories)/cabs/[cabid]/_components/calander-booking.tsx
65:3  Warning: 'className' is defined but never used.  @typescript-eslint/no-unused-vars

./src/app/(home)/(categories)/cabs/[cabid]/_components/HotelItems.tsx
3:10  Warning: 'IconShare' is defined but never used.  @typescript-eslint/no-unused-vars
4:17  Warning: 'useEffect' is defined but never used.  @typescript-eslint/no-unused-vars
4:28  Warning: 'useState' is defined but never used.  @typescript-eslint/no-unused-vars
21:3  Warning: 'loading' is defined but never used.  @typescript-eslint/no-unused-vars

./src/app/(home)/(categories)/cabs/[cabid]/_components/policies.tsx
19:13  Warning: 'data' is assigned a value but never used.  @typescript-eslint/no-unused-vars
30:15  Warning: Unexpected any. Specify a different type.  @typescript-eslint/no-explicit-any

./src/app/(home)/(categories)/cabs/[cabid]/_components/rooms.tsx
78:3  Warning: 'isBookingMode' is defined but never used.  @typescript-eslint/no-unused-vars

./src/app/(home)/(categories)/cabs/[cabid]/_components/tabs.tsx
3:17  Warning: 'useEffect' is defined but never used.  @typescript-eslint/no-unused-vars
3:36  Warning: 'useState' is defined but never used.  @typescript-eslint/no-unused-vars
23:3  Warning: 'values' is defined but never used.  @typescript-eslint/no-unused-vars
66:22  Warning: React Hook "useRef" is called conditionally. React Hooks must be called in the exact same order in every component render. Did you accidentally call a React Hook after an early return?  react-hooks/rules-of-hooks

./src/app/(home)/(categories)/cabs/[cabid]/_providers_context/CabsDetailsContextProvider.tsx
51:41  Warning: The `{}` ("empty object") type allows any non-nullish value, including literals like `0` and `""`.
- If that's what you want, disable this lint rule with an inline comment or configure the 'allowObjectTypes' rule option.
- If you want a type meaning "any object", you probably want `object` instead.
- If you want a type meaning "any value", you probably want `unknown` instead.  @typescript-eslint/no-empty-object-type
55:39  Warning: 'bikeId' is defined but never used.  @typescript-eslint/no-unused-vars

./src/app/(home)/(categories)/flights/page.tsx
2:10  Warning: 'cn' is defined but never used.  @typescript-eslint/no-unused-vars
3:17  Warning: 'Suspense' is defined but never used.  @typescript-eslint/no-unused-vars
4:10  Warning: 'ErrorBoundary' is defined but never used.  @typescript-eslint/no-unused-vars
5:8  Warning: 'MainFramePage' is defined but never used.  @typescript-eslint/no-unused-vars
7:10  Warning: 'MessageModal' is defined but never used.  @typescript-eslint/no-unused-vars
8:10  Warning: 'PageSkeleton' is defined but never used.  @typescript-eslint/no-unused-vars
58:17  Warning: 'className' is defined but never used.  @typescript-eslint/no-unused-vars

./src/app/(home)/(categories)/hotels/find/_components/CardCompo.tsx
11:10  Warning: 'LikeIcon' is defined but never used.  @typescript-eslint/no-unused-vars
38:8  Warning: 'NProgress' is defined but never used.  @typescript-eslint/no-unused-vars
46:3  Warning: 'favourite' is defined but never used.  @typescript-eslint/no-unused-vars
75:13  Warning: Using `<img>` could result in slower LCP and higher bandwidth. Consider using `<Image />` from `next/image` or a custom image loader to automatically optimize images. This may incur additional usage or cost from your provider. See: https://nextjs.org/docs/messages/no-img-element  @next/next/no-img-element
209:11  Warning: Using `<img>` could result in slower LCP and higher bandwidth. Consider using `<Image />` from `next/image` or a custom image loader to automatically optimize images. This may incur additional usage or cost from your provider. See: https://nextjs.org/docs/messages/no-img-element  @next/next/no-img-element

./src/app/(home)/(categories)/hotels/find/_components/content.tsx
7:10  Warning: 'IconGrid4x4' is defined but never used.  @typescript-eslint/no-unused-vars
7:23  Warning: 'IconMenu4' is defined but never used.  @typescript-eslint/no-unused-vars
23:14  Warning: The `{}` ("empty object") type allows any non-nullish value, including literals like `0` and `""`.
- If that's what you want, disable this lint rule with an inline comment or configure the 'allowObjectTypes' rule option.
- If you want a type meaning "any object", you probably want `object` instead.
- If you want a type meaning "any value", you probably want `unknown` instead.  @typescript-eslint/no-empty-object-type
25:30  Warning: 'props' is defined but never used.  @typescript-eslint/no-unused-vars
28:17  Warning: 'setCity' is assigned a value but never used.  @typescript-eslint/no-unused-vars
29:10  Warning: 'open' is assigned a value but never used.  @typescript-eslint/no-unused-vars
120:37  Warning: Unexpected any. Specify a different type.  @typescript-eslint/no-explicit-any
122:43  Warning: Unexpected any. Specify a different type.  @typescript-eslint/no-explicit-any
123:23  Warning: Unexpected any. Specify a different type.  @typescript-eslint/no-explicit-any

./src/app/(home)/(categories)/hotels/page.tsx
3:20  Warning: 'useEffect' is defined but never used.  @typescript-eslint/no-unused-vars
3:31  Warning: 'useState' is defined but never used.  @typescript-eslint/no-unused-vars
7:10  Warning: 'useGetNewHotels' is defined but never used.  @typescript-eslint/no-unused-vars
10:8  Warning: 'HotelSearch' is defined but never used.  @typescript-eslint/no-unused-vars
14:10  Warning: 'Hotel_Box_FilterBarValues' is defined but never used.  @typescript-eslint/no-unused-vars
14:37  Warning: 'Search_box_values' is defined but never used.  @typescript-eslint/no-unused-vars
62:26  Warning: 'setDate' is assigned a value but never used.  @typescript-eslint/no-unused-vars

./src/app/(home)/(categories)/hotels/search-.tsx
14:8  Warning: 'NProgress' is defined but never used.  @typescript-eslint/no-unused-vars
19:9  Warning: 'active' is assigned a value but never used.  @typescript-eslint/no-unused-vars

./src/app/(home)/(categories)/hotels/[hotel]/page.tsx
5:27  Warning: 'useEffect' is defined but never used.  @typescript-eslint/no-unused-vars
12:29  Warning: 'Skeleton' is defined but never used.  @typescript-eslint/no-unused-vars
21:25  Warning: 'setIsBookingMode' is assigned a value but never used.  @typescript-eslint/no-unused-vars
22:9  Warning: 'ismobile' is assigned a value but never used.  @typescript-eslint/no-unused-vars
31:11  Warning: 'date' is assigned a value but never used.  @typescript-eslint/no-unused-vars
31:17  Warning: 'guests' is assigned a value but never used.  @typescript-eslint/no-unused-vars

./src/app/(home)/(categories)/hotels/[hotel]/_components/calander-booking.tsx
58:10  Warning: 'useHotelStore' is defined but never used.  @typescript-eslint/no-unused-vars
66:5  Warning: 'className' is defined but never used.  @typescript-eslint/no-unused-vars

./src/app/(home)/(categories)/hotels/[hotel]/_components/HotelItems.tsx
3:10  Warning: 'IconShare' is defined but never used.  @typescript-eslint/no-unused-vars
4:17  Warning: 'useEffect' is defined but never used.  @typescript-eslint/no-unused-vars
4:28  Warning: 'useState' is defined but never used.  @typescript-eslint/no-unused-vars
7:10  Warning: 'handleCopy' is defined but never used.  @typescript-eslint/no-unused-vars
21:3  Warning: 'loading' is defined but never used.  @typescript-eslint/no-unused-vars

./src/app/(home)/(categories)/hotels/[hotel]/_components/policies.tsx
170:13  Warning: 'data' is assigned a value but never used.  @typescript-eslint/no-unused-vars
181:15  Warning: Unexpected any. Specify a different type.  @typescript-eslint/no-explicit-any

./src/app/(home)/(categories)/hotels/[hotel]/_components/room-card.tsx
43:8  Warning: 'NProgress' is defined but never used.  @typescript-eslint/no-unused-vars
61:3  Warning: 'displayPrice' is defined but never used.  @typescript-eslint/no-unused-vars
148:13  Warning: Using `<img>` could result in slower LCP and higher bandwidth. Consider using `<Image />` from `next/image` or a custom image loader to automatically optimize images. This may incur additional usage or cost from your provider. See: https://nextjs.org/docs/messages/no-img-element  @next/next/no-img-element

./src/app/(home)/(categories)/hotels/[hotel]/_components/tabs.tsx
28:10  Warning: 'CometCard' is defined but never used.  @typescript-eslint/no-unused-vars
80:22  Warning: React Hook "useRef" is called conditionally. React Hooks must be called in the exact same order in every component render. Did you accidentally call a React Hook after an early return?  react-hooks/rules-of-hooks
196:3  Warning: 'isBookingMode' is defined but never used.  @typescript-eslint/no-unused-vars
202:17  Warning: 'guests' is assigned a value but never used.  @typescript-eslint/no-unused-vars
206:11  Warning: 'FetchRoomTypes' is assigned a value but never used.  @typescript-eslint/no-unused-vars
211:6  Warning: React Hook useEffect has a missing dependency: 'setFetch'. Either include it or remove the dependency array.  react-hooks/exhaustive-deps
229:6  Warning: React Hook useEffect has a missing dependency: 'setFetch'. Either include it or remove the dependency array.  react-hooks/exhaustive-deps
323:3  Warning: 'methods' is defined but never used.  @typescript-eslint/no-unused-vars

./src/app/(home)/(categories)/hotels/[hotel]/_providers_context/hotel-contextProvider.tsx
55:9  Warning: The 'rooms' conditional could make the dependencies of useMemo Hook (at line 70) change on every render. Move it inside the useMemo callback. Alternatively, wrap the initialization of 'rooms' in its own useMemo() Hook.  react-hooks/exhaustive-deps

./src/app/(home)/(categories)/tours/find/_components/CardCompo.tsx
10:10  Warning: 'LikeIcon' is defined but never used.  @typescript-eslint/no-unused-vars
33:41  Warning: 'favourite' is defined but never used.  @typescript-eslint/no-unused-vars
53:9  Warning: 'mainDestination' is assigned a value but never used.  @typescript-eslint/no-unused-vars
61:13  Warning: Using `<img>` could result in slower LCP and higher bandwidth. Consider using `<Image />` from `next/image` or a custom image loader to automatically optimize images. This may incur additional usage or cost from your provider. See: https://nextjs.org/docs/messages/no-img-element  @next/next/no-img-element
183:11  Warning: Using `<img>` could result in slower LCP and higher bandwidth. Consider using `<Image />` from `next/image` or a custom image loader to automatically optimize images. This may incur additional usage or cost from your provider. See: https://nextjs.org/docs/messages/no-img-element  @next/next/no-img-element

./src/app/(home)/(categories)/tours/find/_components/content.tsx
6:10  Warning: 'IconGrid4x4' is defined but never used.  @typescript-eslint/no-unused-vars
6:23  Warning: 'IconMenu4' is defined but never used.  @typescript-eslint/no-unused-vars
21:14  Warning: The `{}` ("empty object") type allows any non-nullish value, including literals like `0` and `""`.
- If that's what you want, disable this lint rule with an inline comment or configure the 'allowObjectTypes' rule option.
- If you want a type meaning "any object", you probably want `object` instead.
- If you want a type meaning "any value", you probably want `unknown` instead.  @typescript-eslint/no-empty-object-type
23:30  Warning: 'props' is defined but never used.  @typescript-eslint/no-unused-vars
27:10  Warning: 'open' is assigned a value but never used.  @typescript-eslint/no-unused-vars

./src/app/(home)/(categories)/tours/page.tsx
2:8  Warning: 'UnderConstruction' is defined but never used.  @typescript-eslint/no-unused-vars
7:10  Warning: 'Search_box_values' is defined but never used.  @typescript-eslint/no-unused-vars
7:29  Warning: 'Tours_Box_FilterBarValues' is defined but never used.  @typescript-eslint/no-unused-vars
14:28  Warning: 'PersonStanding' is defined but never used.  @typescript-eslint/no-unused-vars
19:32  Warning: 'setDate' is assigned a value but never used.  @typescript-eslint/no-unused-vars
19:52  Warning: React Hook "useToursStore" is called in function "page" that is neither a React function component nor a custom React Hook function. React component names must start with an uppercase letter. React Hook names must start with the word "use".  react-hooks/rules-of-hooks

./src/app/(home)/(categories)/tours/services/[serviceid]/page.tsx
5:27  Warning: 'useEffect' is defined but never used.  @typescript-eslint/no-unused-vars
7:10  Warning: 'useParams' is defined but never used.  @typescript-eslint/no-unused-vars
9:8  Warning: 'HotelItems' is defined but never used.  @typescript-eslint/no-unused-vars
10:10  Warning: 'useHotelStore' is defined but never used.  @typescript-eslint/no-unused-vars
11:29  Warning: 'Skeleton' is defined but never used.  @typescript-eslint/no-unused-vars
15:10  Warning: 'usegetBikeServiceDetails' is defined but never used.  @typescript-eslint/no-unused-vars
17:8  Warning: 'BikeDetailsItems' is defined but never used.  @typescript-eslint/no-unused-vars
65:27  Warning: 'setIsBookingMode' is assigned a value but never used.  @typescript-eslint/no-unused-vars
66:11  Warning: 'ismobile' is assigned a value but never used.  @typescript-eslint/no-unused-vars

./src/app/(home)/(categories)/tours/services/[serviceid]/_components/HotelItems.tsx
3:10  Warning: 'IconShare' is defined but never used.  @typescript-eslint/no-unused-vars
4:17  Warning: 'useEffect' is defined but never used.  @typescript-eslint/no-unused-vars
4:28  Warning: 'useState' is defined but never used.  @typescript-eslint/no-unused-vars
64:3  Warning: 'loading' is defined but never used.  @typescript-eslint/no-unused-vars

./src/app/(home)/(categories)/tours/services/[serviceid]/_components/tabs.tsx
24:3  Warning: 'values' is defined but never used.  @typescript-eslint/no-unused-vars
26:3  Warning: 'isBookingMode' is defined but never used.  @typescript-eslint/no-unused-vars
27:3  Warning: 'isAvailabilityLoading' is defined but never used.  @typescript-eslint/no-unused-vars
59:9  Warning: 'sectionRef' is assigned a value but never used.  @typescript-eslint/no-unused-vars
59:22  Warning: React Hook "useRef" is called conditionally. React Hooks must be called in the exact same order in every component render. Did you accidentally call a React Hook after an early return?  react-hooks/rules-of-hooks

./src/app/(home)/(categories)/tours/[tourid]/page.tsx
5:27  Warning: 'useEffect' is defined but never used.  @typescript-eslint/no-unused-vars
11:29  Warning: 'Skeleton' is defined but never used.  @typescript-eslint/no-unused-vars
20:25  Warning: 'setIsBookingMode' is assigned a value but never used.  @typescript-eslint/no-unused-vars
21:9  Warning: 'ismobile' is assigned a value but never used.  @typescript-eslint/no-unused-vars
24:18  Warning: 'hotelIdParam' is assigned a value but never used.  @typescript-eslint/no-unused-vars

./src/app/(home)/(categories)/tours/[tourid]/_components/bike-card.tsx
4:10  Warning: 'Card' is defined but never used.  @typescript-eslint/no-unused-vars
7:10  Warning: 'cn' is defined but never used.  @typescript-eslint/no-unused-vars
37:11  Warning: 'handleClick' is assigned a value but never used.  @typescript-eslint/no-unused-vars
54:11  Warning: Using `<img>` could result in slower LCP and higher bandwidth. Consider using `<Image />` from `next/image` or a custom image loader to automatically optimize images. This may incur additional usage or cost from your provider. See: https://nextjs.org/docs/messages/no-img-element  @next/next/no-img-element

./src/app/(home)/(categories)/tours/[tourid]/_components/calander-booking.tsx
65:3  Warning: 'className' is defined but never used.  @typescript-eslint/no-unused-vars

./src/app/(home)/(categories)/tours/[tourid]/_components/HotelItems.tsx
3:10  Warning: 'IconShare' is defined but never used.  @typescript-eslint/no-unused-vars
4:17  Warning: 'useEffect' is defined but never used.  @typescript-eslint/no-unused-vars
4:28  Warning: 'useState' is defined but never used.  @typescript-eslint/no-unused-vars
22:3  Warning: 'loading' is defined but never used.  @typescript-eslint/no-unused-vars

./src/app/(home)/(categories)/tours/[tourid]/_components/policies.tsx
19:13  Warning: 'data' is assigned a value but never used.  @typescript-eslint/no-unused-vars
30:15  Warning: Unexpected any. Specify a different type.  @typescript-eslint/no-explicit-any

./src/app/(home)/(categories)/tours/[tourid]/_components/rooms.tsx
79:3  Warning: 'isBookingMode' is defined but never used.  @typescript-eslint/no-unused-vars

./src/app/(home)/(categories)/tours/[tourid]/_components/tabs.tsx
3:17  Warning: 'useEffect' is defined but never used.  @typescript-eslint/no-unused-vars
3:36  Warning: 'useState' is defined but never used.  @typescript-eslint/no-unused-vars
11:8  Warning: 'ChangelogComponentPage' is defined but never used.  @typescript-eslint/no-unused-vars
24:3  Warning: 'values' is defined but never used.  @typescript-eslint/no-unused-vars
67:22  Warning: React Hook "useRef" is called conditionally. React Hooks must be called in the exact same order in every component render. Did you accidentally call a React Hook after an early return?  react-hooks/rules-of-hooks

./src/app/(home)/(categories)/tours/[tourid]/_providers_context/TourDetailsContextProvider.tsx
41:42  Warning: The `{}` ("empty object") type allows any non-nullish value, including literals like `0` and `""`.
- If that's what you want, disable this lint rule with an inline comment or configure the 'allowObjectTypes' rule option.
- If you want a type meaning "any object", you probably want `object` instead.
- If you want a type meaning "any value", you probably want `unknown` instead.  @typescript-eslint/no-empty-object-type
45:39  Warning: 'tourid' is defined but never used.  @typescript-eslint/no-unused-vars

./src/app/(home)/(categories)/trains/page.tsx
3:10  Warning: 'cn' is defined but never used.  @typescript-eslint/no-unused-vars
4:17  Warning: 'Suspense' is defined but never used.  @typescript-eslint/no-unused-vars
5:10  Warning: 'ErrorBoundary' is defined but never used.  @typescript-eslint/no-unused-vars
6:8  Warning: 'MainFramePage' is defined but never used.  @typescript-eslint/no-unused-vars
8:10  Warning: 'MessageModal' is defined but never used.  @typescript-eslint/no-unused-vars
9:10  Warning: 'PageSkeleton' is defined but never used.  @typescript-eslint/no-unused-vars
59:17  Warning: 'className' is defined but never used.  @typescript-eslint/no-unused-vars

./src/app/(home)/(categories)/_componentsRoot_categories/gallery.tsx
29:15  Warning: Using `<img>` could result in slower LCP and higher bandwidth. Consider using `<Image />` from `next/image` or a custom image loader to automatically optimize images. This may incur additional usage or cost from your provider. See: https://nextjs.org/docs/messages/no-img-element  @next/next/no-img-element
55:21  Warning: Using `<img>` could result in slower LCP and higher bandwidth. Consider using `<Image />` from `next/image` or a custom image loader to automatically optimize images. This may incur additional usage or cost from your provider. See: https://nextjs.org/docs/messages/no-img-element  @next/next/no-img-element
86:21  Warning: Using `<img>` could result in slower LCP and higher bandwidth. Consider using `<Image />` from `next/image` or a custom image loader to automatically optimize images. This may incur additional usage or cost from your provider. See: https://nextjs.org/docs/messages/no-img-element  @next/next/no-img-element
110:10  Warning: 'Button' is defined but never used.  @typescript-eslint/no-unused-vars
119:10  Warning: 'Grid3X3' is defined but never used.  @typescript-eslint/no-unused-vars
119:19  Warning: 'Minus' is defined but never used.  @typescript-eslint/no-unused-vars
119:26  Warning: 'Plus' is defined but never used.  @typescript-eslint/no-unused-vars
126:12  Warning: 'onClick' is defined but never used.  @typescript-eslint/no-unused-vars
157:10  Warning: 'IconView360' is defined but never used.  @typescript-eslint/no-unused-vars
203:19  Warning: Using `<img>` could result in slower LCP and higher bandwidth. Consider using `<Image />` from `next/image` or a custom image loader to automatically optimize images. This may incur additional usage or cost from your provider. See: https://nextjs.org/docs/messages/no-img-element  @next/next/no-img-element
235:13  Warning: Using `<img>` could result in slower LCP and higher bandwidth. Consider using `<Image />` from `next/image` or a custom image loader to automatically optimize images. This may incur additional usage or cost from your provider. See: https://nextjs.org/docs/messages/no-img-element  @next/next/no-img-element

./src/app/(home)/(categories)/_componentsRoot_categories/imsges.tsx
5:17  Warning: 'Suspense' is defined but never used.  @typescript-eslint/no-unused-vars

./src/app/(home)/(categories)/_componentsRoot_categories/reviews.tsx
13:10  Warning: 'useGetHotelReviews' is defined but never used.  @typescript-eslint/no-unused-vars
15:10  Warning: 'Hotel' is defined but never used.  @typescript-eslint/no-unused-vars
106:12  Warning: 'visibleCount' is assigned a value but never used.  @typescript-eslint/no-unused-vars
106:26  Warning: 'setVisibleCount' is assigned a value but never used.  @typescript-eslint/no-unused-vars
166:73  Warning: Unexpected any. Specify a different type.  @typescript-eslint/no-explicit-any

./src/app/(home)/(categories)/_componentsRoot_categories/shareComponent.tsx
3:5  Warning: 'Copy' is defined but never used.  @typescript-eslint/no-unused-vars
5:5  Warning: 'Code2' is defined but never used.  @typescript-eslint/no-unused-vars
10:5  Warning: 'MoreHorizontal' is defined but never used.  @typescript-eslint/no-unused-vars
20:10  Warning: 'Input' is defined but never used.  @typescript-eslint/no-unused-vars
21:10  Warning: 'Checkbox' is defined but never used.  @typescript-eslint/no-unused-vars
66:12  Warning: 'copied' is assigned a value but never used.  @typescript-eslint/no-unused-vars

./src/app/(home)/(categories)/_componentsRoot_categories/timelinedemo.tsx
1:10  Warning: 'Badge' is defined but never used.  @typescript-eslint/no-unused-vars
2:10  Warning: 'Accordion' is defined but never used.  @typescript-eslint/no-unused-vars
2:21  Warning: 'AccordionContent' is defined but never used.  @typescript-eslint/no-unused-vars
2:39  Warning: 'AccordionItem' is defined but never used.  @typescript-eslint/no-unused-vars
2:54  Warning: 'AccordionTrigger' is defined but never used.  @typescript-eslint/no-unused-vars

./src/app/(home)/layout.tsx
3:10  Warning: 'cn' is defined but never used.  @typescript-eslint/no-unused-vars
4:10  Warning: 'CommonPagesStyles' is defined but never used.  @typescript-eslint/no-unused-vars

./src/app/(home)/page.tsx
86:20  Warning: 'useEffect' is defined but never used.  @typescript-eslint/no-unused-vars
86:31  Warning: 'useState' is defined but never used.  @typescript-eslint/no-unused-vars
90:10  Warning: 'useGetNewHotels' is defined but never used.  @typescript-eslint/no-unused-vars
96:10  Warning: 'Hotel_Box_FilterBarValues' is defined but never used.  @typescript-eslint/no-unused-vars
96:37  Warning: 'Search_box_values' is defined but never used.  @typescript-eslint/no-unused-vars
144:28  Warning: 'setDate' is assigned a value but never used.  @typescript-eslint/no-unused-vars

./src/app/(personal)/book/[[...slug]]/_components/EditDates.tsx
9:131  Warning: Unexpected any. Specify a different type.  @typescript-eslint/no-explicit-any

./src/app/(personal)/book/[[...slug]]/_components/paymentform.tsx
6:17  Warning: 'useRef' is defined but never used.  @typescript-eslint/no-unused-vars
8:50  Warning: 'useFieldArray' is defined but never used.  @typescript-eslint/no-unused-vars
12:10  Warning: 'CheckCircle2' is defined but never used.  @typescript-eslint/no-unused-vars
12:24  Warning: 'Copy' is defined but never used.  @typescript-eslint/no-unused-vars
12:59  Warning: 'Info' is defined but never used.  @typescript-eslint/no-unused-vars
12:65  Warning: 'Plus' is defined but never used.  @typescript-eslint/no-unused-vars
12:71  Warning: 'Mail' is defined but never used.  @typescript-eslint/no-unused-vars
12:77  Warning: 'Download' is defined but never used.  @typescript-eslint/no-unused-vars
12:87  Warning: 'Home' is defined but never used.  @typescript-eslint/no-unused-vars
12:93  Warning: 'Smartphone' is defined but never used.  @typescript-eslint/no-unused-vars
12:105  Warning: 'User' is defined but never used.  @typescript-eslint/no-unused-vars
12:111  Warning: 'IndianRupee' is defined but never used.  @typescript-eslint/no-unused-vars
13:8  Warning: 'html2pdf' is defined but never used.  @typescript-eslint/no-unused-vars
15:29  Warning: 'CardHeader' is defined but never used.  @typescript-eslint/no-unused-vars
15:41  Warning: 'CardTitle' is defined but never used.  @typescript-eslint/no-unused-vars
16:10  Warning: 'Input' is defined but never used.  @typescript-eslint/no-unused-vars
17:10  Warning: 'Textarea' is defined but never used.  @typescript-eslint/no-unused-vars
22:10  Warning: 'PhoneInput' is defined but never used.  @typescript-eslint/no-unused-vars
23:10  Warning: 'Field' is defined but never used.  @typescript-eslint/no-unused-vars
24:10  Warning: 'Dialog' is defined but never used.  @typescript-eslint/no-unused-vars
24:18  Warning: 'DialogContent' is defined but never used.  @typescript-eslint/no-unused-vars
24:33  Warning: 'DialogDescription' is defined but never used.  @typescript-eslint/no-unused-vars
24:52  Warning: 'DialogTitle' is defined but never used.  @typescript-eslint/no-unused-vars
24:65  Warning: 'DialogTrigger' is defined but never used.  @typescript-eslint/no-unused-vars
25:16  Warning: 'FormControl' is defined but never used.  @typescript-eslint/no-unused-vars
25:29  Warning: 'FormField' is defined but never used.  @typescript-eslint/no-unused-vars
25:40  Warning: 'FormItem' is defined but never used.  @typescript-eslint/no-unused-vars
25:50  Warning: 'FormLabel' is defined but never used.  @typescript-eslint/no-unused-vars
25:61  Warning: 'FormMessage' is defined but never used.  @typescript-eslint/no-unused-vars
29:10  Warning: 'Payment' is defined but never used.  @typescript-eslint/no-unused-vars
32:10  Warning: 'VisitorsMembers' is defined but never used.  @typescript-eslint/no-unused-vars
39:24  Warning: 'payments' is assigned a value but never used.  @typescript-eslint/no-unused-vars
42:9  Warning: 'navigate' is assigned a value but never used.  @typescript-eslint/no-unused-vars
134:46  Warning: Unexpected any. Specify a different type.  @typescript-eslint/no-explicit-any
153:36  Warning: Unexpected any. Specify a different type.  @typescript-eslint/no-explicit-any
159:21  Warning: Unexpected any. Specify a different type.  @typescript-eslint/no-explicit-any
206:10  Warning: 'RouterPush' is defined but never used.  @typescript-eslint/no-unused-vars
207:10  Warning: 'downloadBookings' is defined but never used.  @typescript-eslint/no-unused-vars
214:25  Warning: 'date' is assigned a value but never used.  @typescript-eslint/no-unused-vars
219:9  Warning: 'totalAdults' is assigned a value but never used.  @typescript-eslint/no-unused-vars
220:9  Warning: 'totalChildren' is assigned a value but never used.  @typescript-eslint/no-unused-vars
221:9  Warning: 'nights' is assigned a value but never used.  @typescript-eslint/no-unused-vars
222:9  Warning: 'totalPrice' is assigned a value but never used.  @typescript-eslint/no-unused-vars
225:9  Warning: 'taxPercentage' is assigned a value but never used.  @typescript-eslint/no-unused-vars
284:13  Warning: Using `<img>` could result in slower LCP and higher bandwidth. Consider using `<Image />` from `next/image` or a custom image loader to automatically optimize images. This may incur additional usage or cost from your provider. See: https://nextjs.org/docs/messages/no-img-element  @next/next/no-img-element
305:9  Warning: 'navigate' is assigned a value but never used.  @typescript-eslint/no-unused-vars
317:7  Warning: Using `<img>` could result in slower LCP and higher bandwidth. Consider using `<Image />` from `next/image` or a custom image loader to automatically optimize images. This may incur additional usage or cost from your provider. See: https://nextjs.org/docs/messages/no-img-element  @next/next/no-img-element

./src/app/(personal)/book/[[...slug]]/_components/PaymentSuccess.tsx
11:56  Warning: Unexpected any. Specify a different type.  @typescript-eslint/no-explicit-any
33:19  Warning: 'res' is assigned a value but never used.  @typescript-eslint/no-unused-vars

./src/app/(personal)/book/[[...slug]]/_components/phoneinput.tsx
98:17  Warning: Expected an assignment or function call and instead saw an expression.  @typescript-eslint/no-unused-expressions

./src/app/(personal)/booknow/[[...slug]]/_components/EditDates.tsx
9:131  Warning: Unexpected any. Specify a different type.  @typescript-eslint/no-explicit-any

./src/app/(personal)/booknow/[[...slug]]/_components/paymentform.tsx
52:3  Warning: 'initialDate' is defined but never used.  @typescript-eslint/no-unused-vars
53:3  Warning: 'initialGuests' is defined but never used.  @typescript-eslint/no-unused-vars
119:30  Warning: Unexpected any. Specify a different type.  @typescript-eslint/no-explicit-any
120:31  Warning: Unexpected any. Specify a different type.  @typescript-eslint/no-explicit-any
130:37  Warning: Unexpected any. Specify a different type.  @typescript-eslint/no-explicit-any
131:35  Warning: Unexpected any. Specify a different type.  @typescript-eslint/no-explicit-any
141:29  Warning: Unexpected any. Specify a different type.  @typescript-eslint/no-explicit-any
142:27  Warning: Unexpected any. Specify a different type.  @typescript-eslint/no-explicit-any
197:46  Warning: Unexpected any. Specify a different type.  @typescript-eslint/no-explicit-any
222:36  Warning: Unexpected any. Specify a different type.  @typescript-eslint/no-explicit-any
230:21  Warning: Unexpected any. Specify a different type.  @typescript-eslint/no-explicit-any
333:13  Warning: Using `<img>` could result in slower LCP and higher bandwidth. Consider using `<Image />` from `next/image` or a custom image loader to automatically optimize images. This may incur additional usage or cost from your provider. See: https://nextjs.org/docs/messages/no-img-element  @next/next/no-img-element
403:11  Warning: 'date' is assigned a value but never used.  @typescript-eslint/no-unused-vars

./src/app/(personal)/booknow/[[...slug]]/_components/PaymentSuccess.tsx
13:56  Warning: Unexpected any. Specify a different type.  @typescript-eslint/no-explicit-any
35:19  Warning: 'res' is assigned a value but never used.  @typescript-eslint/no-unused-vars

./src/app/(personal)/booknow/[[...slug]]/_components/phoneinput.tsx
98:17  Warning: Expected an assignment or function call and instead saw an expression.  @typescript-eslint/no-unused-expressions

./src/app/(personal)/profile/layout.tsx
5:10  Warning: 'SidebarInset' is defined but never used.  @typescript-eslint/no-unused-vars
5:24  Warning: 'SidebarProvider' is defined but never used.  @typescript-eslint/no-unused-vars
6:10  Warning: 'SiteHeader' is defined but never used.  @typescript-eslint/no-unused-vars
8:10  Warning: 'CommonPagesStyles' is defined but never used.  @typescript-eslint/no-unused-vars
11:3  Warning: 'Tabs' is defined but never used.  @typescript-eslint/no-unused-vars
12:3  Warning: 'TabsContent' is defined but never used.  @typescript-eslint/no-unused-vars
14:3  Warning: 'TabsTrigger' is defined but never used.  @typescript-eslint/no-unused-vars
20:10  Warning: 'PageSkeleton' is defined but never used.  @typescript-eslint/no-unused-vars

./src/app/(personal)/profile/page.tsx
15:10  Warning: 'PageSkeleton' is defined but never used.  @typescript-eslint/no-unused-vars

./src/app/(personal)/profile/_components/app-sidebar.tsx
3:21  Warning: 'usePathname' is defined but never used.  @typescript-eslint/no-unused-vars
7:10  Warning: 'IconLogout' is defined but never used.  @typescript-eslint/no-unused-vars
10:8  Warning: 'TripsAccordion' is defined but never used.  @typescript-eslint/no-unused-vars
11:10  Warning: 'useLogout' is defined but never used.  @typescript-eslint/no-unused-vars
12:10  Warning: 'toast' is defined but never used.  @typescript-eslint/no-unused-vars
20:27  Warning: 'refetch' is assigned a value but never used.  @typescript-eslint/no-unused-vars
21:9  Warning: 'router' is assigned a value but never used.  @typescript-eslint/no-unused-vars
89:9  Warning: 'currentUser' is assigned a value but never used.  @typescript-eslint/no-unused-vars
92:9  Warning: 'navigate' is assigned a value but never used.  @typescript-eslint/no-unused-vars

./src/app/(personal)/profile/_components/image-preview.tsx
10:13  Warning: 'ZoomIn' is defined but never used.  @typescript-eslint/no-unused-vars
33:11  Warning: Using `<img>` could result in slower LCP and higher bandwidth. Consider using `<Image />` from `next/image` or a custom image loader to automatically optimize images. This may incur additional usage or cost from your provider. See: https://nextjs.org/docs/messages/no-img-element  @next/next/no-img-element

./src/app/(personal)/profile/_components/personal_data/personal_data.tsx
34:21  Warning: Unexpected any. Specify a different type.  @typescript-eslint/no-explicit-any
59:30  Warning: Unexpected any. Specify a different type.  @typescript-eslint/no-explicit-any
74:32  Warning: Unexpected any. Specify a different type.  @typescript-eslint/no-explicit-any
90:14  Warning: 'error' is defined but never used.  @typescript-eslint/no-unused-vars
248:21  Warning: Unexpected any. Specify a different type.  @typescript-eslint/no-explicit-any
259:3  Warning: 'className' is defined but never used.  @typescript-eslint/no-unused-vars
318:21  Warning: Unexpected any. Specify a different type.  @typescript-eslint/no-explicit-any
350:14  Warning: 'error' is defined but never used.  @typescript-eslint/no-unused-vars

./src/app/(personal)/profile/_components/reviews/my-reviews.tsx
8:10  Warning: 'format' is defined but never used.  @typescript-eslint/no-unused-vars
17:10  Warning: 'useGetReviewsQuery' is defined but never used.  @typescript-eslint/no-unused-vars
75:30  Warning: 'id' is defined but never used.  @typescript-eslint/no-unused-vars
76:41  Warning: 'isLoading' is assigned a value but never used.  @typescript-eslint/no-unused-vars
78:11  Warning: 'completedBookings' is assigned a value but never used.  @typescript-eslint/no-unused-vars

./src/app/(personal)/profile/_components/settings/deleteProfileRequest.tsx
45:18  Warning: 'error' is defined but never used.  @typescript-eslint/no-unused-vars
63:99  Error: `"` can be escaped with `&quot;`, `&ldquo;`, `&#34;`, `&rdquo;`.  react/no-unescaped-entities
63:136  Error: `"` can be escaped with `&quot;`, `&ldquo;`, `&#34;`, `&rdquo;`.  react/no-unescaped-entities

./src/app/(personal)/profile/_components/settings/settings.tsx
19:11  Warning: 'DialogClose' is defined but never used.  @typescript-eslint/no-unused-vars
19:39  Warning: 'DialogDescription' is defined but never used.  @typescript-eslint/no-unused-vars
19:58  Warning: 'DialogFooter' is defined but never used.  @typescript-eslint/no-unused-vars
19:72  Warning: 'DialogHeader' is defined but never used.  @typescript-eslint/no-unused-vars
20:3  Warning: 'DialogOverlay' is defined but never used.  @typescript-eslint/no-unused-vars
20:18  Warning: 'DialogPortal' is defined but never used.  @typescript-eslint/no-unused-vars
23:10  Warning: 'VisuallyHidden' is defined but never used.  @typescript-eslint/no-unused-vars
24:8  Warning: 'AuthContextProvider' is defined but never used.  @typescript-eslint/no-unused-vars
26:25  Warning: 'SignInForm' is defined but never used.  @typescript-eslint/no-unused-vars
26:37  Warning: 'SignupForm' is defined but never used.  @typescript-eslint/no-unused-vars
30:10  Warning: 'DeleteRequest' is defined but never used.  @typescript-eslint/no-unused-vars
31:10  Warning: 'toast' is defined but never used.  @typescript-eslint/no-unused-vars
183:10  Warning: 'tag' is assigned a value but never used.  @typescript-eslint/no-unused-vars
184:17  Warning: 't' is assigned a value but never used.  @typescript-eslint/no-unused-vars
184:24  Warning: 'd' is assigned a value but never used.  @typescript-eslint/no-unused-vars

./src/app/(personal)/profile/_components/support/Support.tsx
12:3  Warning: 'TicketMessage' is defined but never used.  @typescript-eslint/no-unused-vars
26:3  Warning: 'Phone' is defined but never used.  @typescript-eslint/no-unused-vars
28:3  Warning: 'ChevronRight' is defined but never used.  @typescript-eslint/no-unused-vars
42:11  Warning: 't' is assigned a value but never used.  @typescript-eslint/no-unused-vars
76:6  Warning: React Hook useEffect has a missing dependency: 'fetchTicketsList'. Either include it or remove the dependency array.  react-hooks/exhaustive-deps

./src/app/(personal)/profile/_components/trips/all.tsx
21:8  Warning: 'NProgress' is defined but never used.  @typescript-eslint/no-unused-vars
139:3  Warning: '_id' is defined but never used.  @typescript-eslint/no-unused-vars
153:15  Warning: Using `<img>` could result in slower LCP and higher bandwidth. Consider using `<Image />` from `next/image` or a custom image loader to automatically optimize images. This may incur additional usage or cost from your provider. See: https://nextjs.org/docs/messages/no-img-element  @next/next/no-img-element
194:64  Warning: React Hook "useTranslation" is called conditionally. React Hooks must be called in the exact same order in every component render.  react-hooks/rules-of-hooks
194:107  Warning: React Hook "useTranslation" is called conditionally. React Hooks must be called in the exact same order in every component render.  react-hooks/rules-of-hooks
212:32  Warning: React Hook "useTranslation" is called conditionally. React Hooks must be called in the exact same order in every component render.  react-hooks/rules-of-hooks

./src/app/(personal)/profile/_components/trips/details-trips.tsx
38:13  Warning: 'res' is assigned a value but never used.  @typescript-eslint/no-unused-vars
88:8  Warning: 'NProgress' is defined but never used.  @typescript-eslint/no-unused-vars
108:13  Warning: Using `<img>` could result in slower LCP and higher bandwidth. Consider using `<Image />` from `next/image` or a custom image loader to automatically optimize images. This may incur additional usage or cost from your provider. See: https://nextjs.org/docs/messages/no-img-element  @next/next/no-img-element

./src/app/(personal)/profile/_components/trips/mapoverlay.tsx
10:3  Warning: 'ModalFooter' is defined but never used.  @typescript-eslint/no-unused-vars

./src/app/(personal)/profile/_components/trips_acordion.tsx
12:51  Warning: 'Icon' is defined but never used.  @typescript-eslint/no-unused-vars

./src/app/(personal)/profile/_components/wishlist/details-lists.tsx
3:10  Warning: 'Share2' is defined but never used.  @typescript-eslint/no-unused-vars
8:10  Warning: 'Input' is defined but never used.  @typescript-eslint/no-unused-vars
94:5  Warning: 'location' is defined but never used.  @typescript-eslint/no-unused-vars
95:5  Warning: 'distance' is defined but never used.  @typescript-eslint/no-unused-vars
99:5  Warning: 'rating' is defined but never used.  @typescript-eslint/no-unused-vars

./src/app/(personal)/profile/_components/wishlist/wish-list.tsx
6:10  Warning: 'PageSkeleton' is defined but never used.  @typescript-eslint/no-unused-vars
8:10  Warning: 'Button' is defined but never used.  @typescript-eslint/no-unused-vars
9:10  Warning: 'Plus' is defined but never used.  @typescript-eslint/no-unused-vars

./src/app/auth-callback/page.tsx
15:11  Warning: 'nextRoute' is assigned a value but never used.  @typescript-eslint/no-unused-vars

./src/app/toploader.tsx
5:14  Warning: The `{}` ("empty object") type allows any non-nullish value, including literals like `0` and `""`.
- If that's what you want, disable this lint rule with an inline comment or configure the 'allowObjectTypes' rule option.
- If you want a type meaning "any object", you probably want `object` instead.
- If you want a type meaning "any value", you probably want `unknown` instead.  @typescript-eslint/no-empty-object-type
7:20  Warning: 'props' is defined but never used.  @typescript-eslint/no-unused-vars

./src/components/animated-modal-demo.tsx
60:19  Warning: Using `<img>` could result in slower LCP and higher bandwidth. Consider using `<Image />` from `next/image` or a custom image loader to automatically optimize images. This may incur additional usage or cost from your provider. See: https://nextjs.org/docs/messages/no-img-element  @next/next/no-img-element

./src/components/auth/recover/recover.tsx
3:14  Warning: The `{}` ("empty object") type allows any non-nullish value, including literals like `0` and `""`.
- If that's what you want, disable this lint rule with an inline comment or configure the 'allowObjectTypes' rule option.
- If you want a type meaning "any object", you probably want `object` instead.
- If you want a type meaning "any value", you probably want `unknown` instead.  @typescript-eslint/no-empty-object-type
5:18  Warning: 'props' is defined but never used.  @typescript-eslint/no-unused-vars

./src/components/auth/_components/forgetpasswordhandelser.tsx
3:10  Warning: 'useSignUp' is defined but never used.  @typescript-eslint/no-unused-vars
13:22  Warning: 'isPassword' is assigned a value but never used.  @typescript-eslint/no-unused-vars
14:22  Warning: 'isConfirmPassword' is assigned a value but never used.  @typescript-eslint/no-unused-vars
15:22  Warning: 'isOtp' is assigned a value but never used.  @typescript-eslint/no-unused-vars

./src/components/auth/_components/ForgotPassword.tsx
21:10  Warning: 'useAuthForm' is defined but never used.  @typescript-eslint/no-unused-vars
22:8  Warning: 'ButtonHandler' is defined but never used.  @typescript-eslint/no-unused-vars
25:35  Warning: 'SignUpProps' is defined but never used.  @typescript-eslint/no-unused-vars

./src/components/auth/_components/otp-form.tsx
27:10  Warning: 'useResetPasswordForm' is defined but never used.  @typescript-eslint/no-unused-vars

./src/components/auth/_components/sign-in-hover.tsx
15:3  Warning: 'FieldSeparator' is defined but never used.  @typescript-eslint/no-unused-vars
47:7  Warning: 'ConnectWithMedia' is assigned a value but never used.  @typescript-eslint/no-unused-vars
377:7  Warning: Expected an assignment or function call and instead saw an expression.  @typescript-eslint/no-unused-expressions
379:6  Warning: React Hook useEffect has a missing dependency: 'handelClose'. Either include it or remove the dependency array. If 'handelClose' changes too often, find the parent component that defines it and wrap that definition in useCallback.  react-hooks/exhaustive-deps

./src/components/blankpages/demoo.tsx
3:14  Warning: The `{}` ("empty object") type allows any non-nullish value, including literals like `0` and `""`.
- If that's what you want, disable this lint rule with an inline comment or configure the 'allowObjectTypes' rule option.
- If you want a type meaning "any object", you probably want `object` instead.
- If you want a type meaning "any value", you probably want `unknown` instead.  @typescript-eslint/no-empty-object-type
5:15  Warning: 'props' is defined but never used.  @typescript-eslint/no-unused-vars

./src/components/carousel/commetcard.tsx
18:13  Warning: Using `<img>` could result in slower LCP and higher bandwidth. Consider using `<Image />` from `next/image` or a custom image loader to automatically optimize images. This may incur additional usage or cost from your provider. See: https://nextjs.org/docs/messages/no-img-element  @next/next/no-img-element

./src/components/carousel/onlyColursel.tsx
504:32  Warning: 'type' is defined but never used.  @typescript-eslint/no-unused-vars
504:65  Warning: 'icon' is defined but never used.  @typescript-eslint/no-unused-vars
638:14  Warning: Component definition is missing display name  react/display-name
638:43  Warning: 'icon' is defined but never used.  @typescript-eslint/no-unused-vars

./src/components/carousel/tabs-carousel.tsx
7:10  Warning: 'destinations' is defined but never used.  @typescript-eslint/no-unused-vars
8:10  Warning: 'useHotelsQuery' is defined but never used.  @typescript-eslint/no-unused-vars

./src/components/comet-card-demo.tsx
127:3  Warning: 'handleTouchMove' is defined but never used.  @typescript-eslint/no-unused-vars

./src/components/filter-bar/filterBar.tsx
6:29  Warning: 'ItemDescription' is defined but never used.  @typescript-eslint/no-unused-vars
11:10  Warning: 'Input' is defined but never used.  @typescript-eslint/no-unused-vars

./src/components/filter-bar/fiter_box.tsx
14:10  Warning: 'useHotelStore' is defined but never used.  @typescript-eslint/no-unused-vars
57:3  Warning: 'type' is defined but never used.  @typescript-eslint/no-unused-vars
77:11  Warning: 'html' is assigned a value but never used.  @typescript-eslint/no-unused-vars
374:7  Warning: 'ValuesSupplier' is assigned a value but never used.  @typescript-eslint/no-unused-vars
375:28  Warning: 'rest' is assigned a value but never used.  @typescript-eslint/no-unused-vars

./src/components/filter-bar/HotelFilterBar.tsx
22:61  Warning: 'tagline' is defined but never used.  @typescript-eslint/no-unused-vars

./src/components/filter-bar/selectContent.tsx
1:10  Warning: 'MapPin' is defined but never used.  @typescript-eslint/no-unused-vars
2:10  Warning: 'cn' is defined but never used.  @typescript-eslint/no-unused-vars
24:3  Warning: 'items' is defined but never used.  @typescript-eslint/no-unused-vars
25:3  Warning: 'onSelect' is defined but never used.  @typescript-eslint/no-unused-vars

./src/components/filter-bar/SelectScrollable.tsx
3:14  Warning: The `{}` ("empty object") type allows any non-nullish value, including literals like `0` and `""`.
- If that's what you want, disable this lint rule with an inline comment or configure the 'allowObjectTypes' rule option.
- If you want a type meaning "any object", you probably want `object` instead.
- If you want a type meaning "any value", you probably want `unknown` instead.  @typescript-eslint/no-empty-object-type
5:27  Warning: 'props' is defined but never used.  @typescript-eslint/no-unused-vars

./src/components/frame-pages/BikesFramePage.tsx
108:17  Warning: 'useMemo' is defined but never used.  @typescript-eslint/no-unused-vars
111:10  Warning: 'useGetNewHotels' is defined but never used.  @typescript-eslint/no-unused-vars
112:15  Warning: 'Item' is defined but never used.  @typescript-eslint/no-unused-vars
113:10  Warning: 'hoteldata' is defined but never used.  @typescript-eslint/no-unused-vars
272:37  Warning: 'type' is defined but never used.  @typescript-eslint/no-unused-vars
272:43  Warning: 'popularTrends' is defined but never used.  @typescript-eslint/no-unused-vars

./src/components/frame-pages/CabsFramePage.tsx
108:17  Warning: 'useMemo' is defined but never used.  @typescript-eslint/no-unused-vars
111:10  Warning: 'useGetNewHotels' is defined but never used.  @typescript-eslint/no-unused-vars
112:15  Warning: 'Item' is defined but never used.  @typescript-eslint/no-unused-vars
113:10  Warning: 'hoteldata' is defined but never used.  @typescript-eslint/no-unused-vars
279:37  Warning: 'type' is defined but never used.  @typescript-eslint/no-unused-vars
279:43  Warning: 'popularTrends' is defined but never used.  @typescript-eslint/no-unused-vars

./src/components/frame-pages/Filter-Frame-Page.tsx
14:9  Warning: 'ismobile' is assigned a value but never used.  @typescript-eslint/no-unused-vars

./src/components/frame-pages/ToursFramePage.tsx
111:17  Warning: 'useMemo' is defined but never used.  @typescript-eslint/no-unused-vars
114:10  Warning: 'useGetNewHotels' is defined but never used.  @typescript-eslint/no-unused-vars
115:15  Warning: 'Item' is defined but never used.  @typescript-eslint/no-unused-vars
116:10  Warning: 'hoteldata' is defined but never used.  @typescript-eslint/no-unused-vars
275:37  Warning: 'type' is defined but never used.  @typescript-eslint/no-unused-vars
275:43  Warning: 'popularTrends' is defined but never used.  @typescript-eslint/no-unused-vars

./src/components/map/leaf-map.tsx
40:36  Warning: Unexpected any. Specify a different type.  @typescript-eslint/no-explicit-any
66:41  Warning: Unexpected any. Specify a different type.  @typescript-eslint/no-explicit-any
71:42  Warning: Unexpected any. Specify a different type.  @typescript-eslint/no-explicit-any

./src/components/menubar.tsx
137:3  Warning: 'Home' is defined but never used.  @typescript-eslint/no-unused-vars
160:10  Warning: 'IconLogout' is defined but never used.  @typescript-eslint/no-unused-vars
160:22  Warning: 'IconQuestionMark' is defined but never used.  @typescript-eslint/no-unused-vars
164:33  Warning: 'Language' is defined but never used.  @typescript-eslint/no-unused-vars
169:34  Warning: 'refetch' is assigned a value but never used.  @typescript-eslint/no-unused-vars
313:23  Warning: 'isLoading' is assigned a value but never used.  @typescript-eslint/no-unused-vars

./src/components/navbar/filter-nav-bar/calander05.tsx
7:10  Warning: 'format' is defined but never used.  @typescript-eslint/no-unused-vars
119:3  Warning: 'methods' is defined but never used.  @typescript-eslint/no-unused-vars

./src/components/navbar/filter-nav-bar/find-filter-bars.tsx
7:10  Warning: 'IconArrowRampRight' is defined but never used.  @typescript-eslint/no-unused-vars
8:10  Warning: 'Button' is defined but never used.  @typescript-eslint/no-unused-vars
10:3  Warning: 'mobile' is defined but never used.  @typescript-eslint/no-unused-vars
20:9  Warning: 'navigate' is assigned a value but never used.  @typescript-eslint/no-unused-vars

./src/components/navbar/filter-nav-bar/searchHotels.tsx
11:14  Warning: The `{}` ("empty object") type allows any non-nullish value, including literals like `0` and `""`.
- If that's what you want, disable this lint rule with an inline comment or configure the 'allowObjectTypes' rule option.
- If you want a type meaning "any object", you probably want `object` instead.
- If you want a type meaning "any value", you probably want `unknown` instead.  @typescript-eslint/no-empty-object-type
13:23  Warning: 'props' is defined but never used.  @typescript-eslint/no-unused-vars

./src/components/navbar/logo.tsx
7:14  Warning: The `{}` ("empty object") type allows any non-nullish value, including literals like `0` and `""`.
- If that's what you want, disable this lint rule with an inline comment or configure the 'allowObjectTypes' rule option.
- If you want a type meaning "any object", you probably want `object` instead.
- If you want a type meaning "any value", you probably want `unknown` instead.  @typescript-eslint/no-empty-object-type
9:15  Warning: 'props' is defined but never used.  @typescript-eslint/no-unused-vars
14:13  Warning: Using `<img>` could result in slower LCP and higher bandwidth. Consider using `<Image />` from `next/image` or a custom image loader to automatically optimize images. This may incur additional usage or cost from your provider. See: https://nextjs.org/docs/messages/no-img-element  @next/next/no-img-element

./src/components/navbar/mobilenav.tsx
3:18  Warning: 'AnimatePresence' is defined but never used.  @typescript-eslint/no-unused-vars
7:34  Warning: 'useSearchParams' is defined but never used.  @typescript-eslint/no-unused-vars
14:11  Warning: 'scrollY' is assigned a value but never used.  @typescript-eslint/no-unused-vars
110:10  Warning: 'light' is assigned a value but never used.  @typescript-eslint/no-unused-vars
110:17  Warning: 'setLight' is assigned a value but never used.  @typescript-eslint/no-unused-vars
201:82  Warning: Unexpected any. Specify a different type.  @typescript-eslint/no-explicit-any

./src/components/navbar/nav.wraper.tsx
30:9  Warning: 'mobileHeight' is assigned a value but never used.  @typescript-eslint/no-unused-vars

./src/components/navbar/personal.nav.wraper.tsx
2:17  Warning: 'Suspense' is defined but never used.  @typescript-eslint/no-unused-vars
6:10  Warning: 'Headset' is defined but never used.  @typescript-eslint/no-unused-vars
9:7  Warning: 'MenuBar' is assigned a value but never used.  @typescript-eslint/no-unused-vars
12:6  Warning: 'Props' is defined but never used.  @typescript-eslint/no-unused-vars
12:14  Warning: The `{}` ("empty object") type allows any non-nullish value, including literals like `0` and `""`.
- If that's what you want, disable this lint rule with an inline comment or configure the 'allowObjectTypes' rule option.
- If you want a type meaning "any object", you probably want `object` instead.
- If you want a type meaning "any value", you probably want `unknown` instead.  @typescript-eslint/no-empty-object-type
55:10  Warning: 'Button' is defined but never used.  @typescript-eslint/no-unused-vars
58:3  Warning: 'DialogClose' is defined but never used.  @typescript-eslint/no-unused-vars
60:3  Warning: 'DialogDescription' is defined but never used.  @typescript-eslint/no-unused-vars
61:3  Warning: 'DialogFooter' is defined but never used.  @typescript-eslint/no-unused-vars
66:10  Warning: 'Field' is defined but never used.  @typescript-eslint/no-unused-vars
66:17  Warning: 'FieldGroup' is defined but never used.  @typescript-eslint/no-unused-vars
67:10  Warning: 'Input' is defined but never used.  @typescript-eslint/no-unused-vars
68:10  Warning: 'Label' is defined but never used.  @typescript-eslint/no-unused-vars

./src/components/navbar/PopMessages.tsx
1:10  Warning: 'ChevronDown' is defined but never used.  @typescript-eslint/no-unused-vars
1:23  Warning: 'Mail' is defined but never used.  @typescript-eslint/no-unused-vars
3:27  Warning: 'Sign_in_hover' is defined but never used.  @typescript-eslint/no-unused-vars
44:21  Warning: Using `<img>` could result in slower LCP and higher bandwidth. Consider using `<Image />` from `next/image` or a custom image loader to automatically optimize images. This may incur additional usage or cost from your provider. See: https://nextjs.org/docs/messages/no-img-element  @next/next/no-img-element
64:25  Warning: Using `<img>` could result in slower LCP and higher bandwidth. Consider using `<Image />` from `next/image` or a custom image loader to automatically optimize images. This may incur additional usage or cost from your provider. See: https://nextjs.org/docs/messages/no-img-element  @next/next/no-img-element

./src/components/navbar/topRight.tsx
1:17  Warning: 'useEffect' is defined but never used.  @typescript-eslint/no-unused-vars
7:10  Warning: 'TypewriterEffect' is defined but never used.  @typescript-eslint/no-unused-vars
11:7  Warning: 'MenuBar' is assigned a value but never used.  @typescript-eslint/no-unused-vars
29:9  Warning: 'router' is assigned a value but never used.  @typescript-eslint/no-unused-vars
30:10  Warning: 'tab' is assigned a value but never used.  @typescript-eslint/no-unused-vars
75:34  Warning: 'refetch' is assigned a value but never used.  @typescript-eslint/no-unused-vars
78:9  Warning: 'isMobile' is assigned a value but never used.  @typescript-eslint/no-unused-vars
87:9  Warning: 'handleNavigate' is assigned a value but never used.  @typescript-eslint/no-unused-vars

./src/components/nuqs/samplenuqsroute.tsx
3:1  Warning: Assign arrow function to a variable before exporting as module default  import/no-anonymous-default-export
3:16  Warning: Component definition is missing display name  react/display-name

./src/components/Rupee.tsx
3:14  Warning: The `{}` ("empty object") type allows any non-nullish value, including literals like `0` and `""`.
- If that's what you want, disable this lint rule with an inline comment or configure the 'allowObjectTypes' rule option.
- If you want a type meaning "any object", you probably want `object` instead.
- If you want a type meaning "any value", you probably want `unknown` instead.  @typescript-eslint/no-empty-object-type
5:16  Warning: 'props' is defined but never used.  @typescript-eslint/no-unused-vars

./src/components/side-bar-filter/counter.tsx
79:34  Warning: Unexpected any. Specify a different type.  @typescript-eslint/no-explicit-any
86:37  Warning: Unexpected any. Specify a different type.  @typescript-eslint/no-explicit-any

./src/components/side-bar-filter/hotel/HotelPileGroup.tsx
2:10  Warning: 'parseAsInteger' is defined but never used.  @typescript-eslint/no-unused-vars
2:26  Warning: 'useQueryState' is defined but never used.  @typescript-eslint/no-unused-vars

./src/components/side-bar-filter/pillGroup.tsx
25:10  Warning: 'arraysEqual' is defined but never used.  @typescript-eslint/no-unused-vars

./src/components/ui/alert-dialouge.tsx
4:3  Warning: 'AlertDialogAction' is defined but never used.  @typescript-eslint/no-unused-vars
16:75  Warning: 'continueTitle' is defined but never used.  @typescript-eslint/no-unused-vars
16:99  Warning: 'handelSumbit' is defined but never used.  @typescript-eslint/no-unused-vars

./src/components/ui/combobox-multiple.tsx
24:36  Warning: 'className' is defined but never used.  @typescript-eslint/no-unused-vars

./src/components/ui/flip-words.tsx
2:41  Warning: 'useRef' is defined but never used.  @typescript-eslint/no-unused-vars
3:35  Warning: 'LayoutGroup' is defined but never used.  @typescript-eslint/no-unused-vars

./src/components/ui/floating-dock.tsx
96:7  Warning: 'mouseX' is never reassigned. Use 'const' instead.  prefer-const
125:3  Warning: 'href' is defined but never used.  @typescript-eslint/no-unused-vars
132:7  Warning: 'ref' is never reassigned. Use 'const' instead.  prefer-const
134:7  Warning: 'distance' is never reassigned. Use 'const' instead.  prefer-const
135:9  Warning: 'bounds' is never reassigned. Use 'const' instead.  prefer-const
140:7  Warning: 'widthTransform' is never reassigned. Use 'const' instead.  prefer-const
141:7  Warning: 'heightTransform' is never reassigned. Use 'const' instead.  prefer-const
143:7  Warning: 'widthTransformIcon' is never reassigned. Use 'const' instead.  prefer-const
144:7  Warning: 'heightTransformIcon' is never reassigned. Use 'const' instead.  prefer-const
150:7  Warning: 'width' is never reassigned. Use 'const' instead.  prefer-const
155:7  Warning: 'height' is never reassigned. Use 'const' instead.  prefer-const
161:7  Warning: 'widthIcon' is never reassigned. Use 'const' instead.  prefer-const
166:7  Warning: 'heightIcon' is never reassigned. Use 'const' instead.  prefer-const
173:9  Warning: 'router' is assigned a value but never used.  @typescript-eslint/no-unused-vars

./src/components/ui/icons.tsx
10:13  Warning: 'Compass' is defined but never used.  @typescript-eslint/no-unused-vars
15:41  Warning: 'SquareParking' is defined but never used.  @typescript-eslint/no-unused-vars
15:63  Warning: 'MessageSquare' is defined but never used.  @typescript-eslint/no-unused-vars
20:27  Warning: 'Volume2' is defined but never used.  @typescript-eslint/no-unused-vars
21:30  Warning: 'Download' is defined but never used.  @typescript-eslint/no-unused-vars
21:40  Warning: 'Upload' is defined but never used.  @typescript-eslint/no-unused-vars
24:42  Warning: 'HelpCircle' is defined but never used.  @typescript-eslint/no-unused-vars
25:3  Warning: 'Scissors' is defined but never used.  @typescript-eslint/no-unused-vars
25:13  Warning: 'PenTool' is defined but never used.  @typescript-eslint/no-unused-vars
25:22  Warning: 'Palette' is defined but never used.  @typescript-eslint/no-unused-vars
25:31  Warning: 'Paintbrush' is defined but never used.  @typescript-eslint/no-unused-vars
25:43  Warning: 'Image' is defined but never used.  @typescript-eslint/no-unused-vars
26:14  Warning: 'SignpostBig' is defined but never used.  @typescript-eslint/no-unused-vars
26:27  Warning: 'LandPlot' is defined but never used.  @typescript-eslint/no-unused-vars
26:48  Warning: 'TentTree' is defined but never used.  @typescript-eslint/no-unused-vars

./src/components/ui/layout-grid.tsx
17:10  Warning: 'lastSelected' is assigned a value but never used.  @typescript-eslint/no-unused-vars

./src/components/ui/pagination-console.tsx
12:10  Warning: 'useAdventureContext' is defined but never used.  @typescript-eslint/no-unused-vars

./src/components/ui/sheetNavigation.tsx
13:10  Warning: 'items' is defined but never used.  @typescript-eslint/no-unused-vars
14:10  Warning: 'SideBarFilter' is defined but never used.  @typescript-eslint/no-unused-vars

./src/components/ui/tabs-nav-aty.tsx
11:10  Warning: 'RouterPush' is defined but never used.  @typescript-eslint/no-unused-vars
30:9  Warning: 'navigate' is assigned a value but never used.  @typescript-eslint/no-unused-vars
35:21  Warning: 'setIsVisible' is assigned a value but never used.  @typescript-eslint/no-unused-vars

./src/components/ui/text-generate-effect.tsx
18:7  Warning: 'wordsArray' is never reassigned. Use 'const' instead.  prefer-const
31:6  Warning: React Hook useEffect has missing dependencies: 'animate', 'duration', and 'filter'. Either include them or remove the dependency array. Mutable values like 'scope.current' aren't valid dependencies because mutating them doesn't re-render the component.  react-hooks/exhaustive-deps

./src/components/ui/theme-toggle.tsx
1:10  Warning: 'Moon' is defined but never used.  @typescript-eslint/no-unused-vars
1:16  Warning: 'Sun' is defined but never used.  @typescript-eslint/no-unused-vars

./src/components/ui/typewriter-effect.tsx
45:6  Warning: React Hook useEffect has a missing dependency: 'animate'. Either include it or remove the dependency array.  react-hooks/exhaustive-deps

./src/constants/constants.tsx
5:10  Warning: 'Icon' is defined but never used.  @typescript-eslint/no-unused-vars
6:33  Warning: 'MapPin' is defined but never used.  @typescript-eslint/no-unused-vars
6:41  Warning: 'PersonStanding' is defined but never used.  @typescript-eslint/no-unused-vars
7:8  Warning: 'SearchInput' is defined but never used.  @typescript-eslint/no-unused-vars
142:60  Warning: 'item' is defined but never used.  @typescript-eslint/no-unused-vars
164:60  Warning: 'item' is defined but never used.  @typescript-eslint/no-unused-vars
181:60  Warning: 'item' is defined but never used.  @typescript-eslint/no-unused-vars
188:67  Warning: 'item' is defined but never used.  @typescript-eslint/no-unused-vars
201:60  Warning: 'item' is defined but never used.  @typescript-eslint/no-unused-vars
212:60  Warning: 'item' is defined but never used.  @typescript-eslint/no-unused-vars
234:60  Warning: 'item' is defined but never used.  @typescript-eslint/no-unused-vars
253:7  Warning: 'HotelConstantsteste' is assigned a value but never used.  @typescript-eslint/no-unused-vars
255:10  Warning: 'val_Hotel_Box_FilterBarValues' is assigned a value but never used.  @typescript-eslint/no-unused-vars
255:41  Warning: 'setHotel_Box_FilterBarValues' is assigned a value but never used.  @typescript-eslint/no-unused-vars
255:82  Warning: Unexpected any. Specify a different type.  @typescript-eslint/no-explicit-any

./src/constants/filter-constants.tsx
2:10  Warning: 'amenityIconMap' is defined but never used.  @typescript-eslint/no-unused-vars
7:3  Warning: 'Wifi' is defined but never used.  @typescript-eslint/no-unused-vars
8:3  Warning: 'Snowflake' is defined but never used.  @typescript-eslint/no-unused-vars
9:3  Warning: 'Flame' is defined but never used.  @typescript-eslint/no-unused-vars
10:3  Warning: 'WashingMachine' is defined but never used.  @typescript-eslint/no-unused-vars
11:3  Warning: 'Utensils' is defined but never used.  @typescript-eslint/no-unused-vars
13:3  Warning: 'Wind' is defined but never used.  @typescript-eslint/no-unused-vars
14:3  Warning: 'Droplet' is defined but never used.  @typescript-eslint/no-unused-vars
15:3  Warning: 'Briefcase' is defined but never used.  @typescript-eslint/no-unused-vars
16:3  Warning: 'ConciergeBell' is defined but never used.  @typescript-eslint/no-unused-vars
17:3  Warning: 'Luggage' is defined but never used.  @typescript-eslint/no-unused-vars
18:3  Warning: 'Bus' is defined but never used.  @typescript-eslint/no-unused-vars
19:3  Warning: 'Coffee' is defined but never used.  @typescript-eslint/no-unused-vars
20:3  Warning: 'Waves' is defined but never used.  @typescript-eslint/no-unused-vars
21:3  Warning: 'ParkingSquare' is defined but never used.  @typescript-eslint/no-unused-vars
22:3  Warning: 'Dumbbell' is defined but never used.  @typescript-eslint/no-unused-vars
23:3  Warning: 'UtensilsCrossed' is defined but never used.  @typescript-eslint/no-unused-vars
24:3  Warning: 'MapPin' is defined but never used.  @typescript-eslint/no-unused-vars
25:3  Warning: 'Building' is defined but never used.  @typescript-eslint/no-unused-vars
26:3  Warning: 'Sun' is defined but never used.  @typescript-eslint/no-unused-vars
27:3  Warning: 'Bell' is defined but never used.  @typescript-eslint/no-unused-vars
28:3  Warning: 'DoorOpenIcon' is defined but never used.  @typescript-eslint/no-unused-vars
30:10  Warning: 'Home' is defined but never used.  @typescript-eslint/no-unused-vars
30:16  Warning: 'Layers' is defined but never used.  @typescript-eslint/no-unused-vars
193:6  Warning: 'bedstype' is defined but never used.  @typescript-eslint/no-unused-vars

./src/constants/pages.tsx
15:8  Warning: 'FilterBox' is defined but never used.  @typescript-eslint/no-unused-vars

./src/constants/search-box-components/search-input.tsx
12:5  Warning: 'label' is defined but never used.  @typescript-eslint/no-unused-vars
14:5  Warning: 'className' is defined but never used.  @typescript-eslint/no-unused-vars
35:6  Warning: React Hook useEffect has a missing dependency: 'query'. Either include it or remove the dependency array.  react-hooks/exhaustive-deps
78:34  Warning: Unexpected any. Specify a different type.  @typescript-eslint/no-explicit-any

./src/context/AdventureContextProvider.tsx
5:10  Warning: 'useGetHotelsByFiltersDemo' is defined but never used.  @typescript-eslint/no-unused-vars
5:37  Warning: 'useHotelSearch' is defined but never used.  @typescript-eslint/no-unused-vars
6:10  Warning: 'Bike' is defined but never used.  @typescript-eslint/no-unused-vars
6:16  Warning: 'Hotel' is defined but never used.  @typescript-eslint/no-unused-vars
8:10  Warning: 'useHotelStore' is defined but never used.  @typescript-eslint/no-unused-vars
9:10  Warning: 'useGetBikesByFiltersDemo' is defined but never used.  @typescript-eslint/no-unused-vars
52:22  Warning: 'setFilters' is assigned a value but never used.  @typescript-eslint/no-unused-vars
54:36  Warning: Unexpected any. Specify a different type.  @typescript-eslint/no-explicit-any
70:9  Warning: React Hook React.useMemo has a missing dependency: 'category'. Either include it or remove the dependency array.  react-hooks/exhaustive-deps
75:76  Warning: Unexpected any. Specify a different type.  @typescript-eslint/no-explicit-any

./src/context/BikesContextProvider.tsx
5:10  Warning: 'useGetHotelsByFiltersDemo' is defined but never used.  @typescript-eslint/no-unused-vars
5:37  Warning: 'useHotelSearch' is defined but never used.  @typescript-eslint/no-unused-vars
6:16  Warning: 'Hotel' is defined but never used.  @typescript-eslint/no-unused-vars
8:10  Warning: 'useHotelStore' is defined but never used.  @typescript-eslint/no-unused-vars
35:22  Warning: 'setFilters' is assigned a value but never used.  @typescript-eslint/no-unused-vars
37:36  Warning: Unexpected any. Specify a different type.  @typescript-eslint/no-explicit-any
52:9  Warning: React Hook React.useMemo has an unnecessary dependency: 'guests'. Either exclude it or remove the dependency array.  react-hooks/exhaustive-deps
57:78  Warning: Unexpected any. Specify a different type.  @typescript-eslint/no-explicit-any

./src/context/CabsContextProvider.tsx
5:5  Warning: 'useQueryStates' is defined but never used.  @typescript-eslint/no-unused-vars
6:5  Warning: 'parseAsArrayOf' is defined but never used.  @typescript-eslint/no-unused-vars
7:5  Warning: 'parseAsString' is defined but never used.  @typescript-eslint/no-unused-vars
8:5  Warning: 'parseAsInteger' is defined but never used.  @typescript-eslint/no-unused-vars
10:10  Warning: 'useGetHotelsByFiltersDemo' is defined but never used.  @typescript-eslint/no-unused-vars
10:37  Warning: 'useHotelSearch' is defined but never used.  @typescript-eslint/no-unused-vars
12:10  Warning: 'useHotelStore' is defined but never used.  @typescript-eslint/no-unused-vars
39:22  Warning: 'setFilters' is assigned a value but never used.  @typescript-eslint/no-unused-vars
41:13  Warning: 'guests' is assigned a value but never used.  @typescript-eslint/no-unused-vars
42:36  Warning: Unexpected any. Specify a different type.  @typescript-eslint/no-explicit-any
70:74  Warning: Unexpected any. Specify a different type.  @typescript-eslint/no-explicit-any

./src/context/hotel/HotelContextProvider.tsx
5:3  Warning: 'useQueryStates' is defined but never used.  @typescript-eslint/no-unused-vars
6:3  Warning: 'parseAsArrayOf' is defined but never used.  @typescript-eslint/no-unused-vars
7:3  Warning: 'parseAsString' is defined but never used.  @typescript-eslint/no-unused-vars
8:3  Warning: 'parseAsInteger' is defined but never used.  @typescript-eslint/no-unused-vars
10:37  Warning: 'useHotelSearch' is defined but never used.  @typescript-eslint/no-unused-vars
38:20  Warning: 'setFilters' is assigned a value but never used.  @typescript-eslint/no-unused-vars
40:34  Warning: Unexpected any. Specify a different type.  @typescript-eslint/no-explicit-any
68:77  Warning: Unexpected any. Specify a different type.  @typescript-eslint/no-explicit-any

./src/context/NuqsContentProvider.tsx
10:10  Warning: 'useGetHotelsByFiltersDemo' is defined but never used.  @typescript-eslint/no-unused-vars
10:37  Warning: 'useHotelSearch' is defined but never used.  @typescript-eslint/no-unused-vars
11:10  Warning: 'Bike' is defined but never used.  @typescript-eslint/no-unused-vars
12:10  Warning: 'useHotelStore' is defined but never used.  @typescript-eslint/no-unused-vars

./src/context/TourContextProvider.tsx
5:10  Warning: 'useGetHotelsByFiltersDemo' is defined but never used.  @typescript-eslint/no-unused-vars
5:37  Warning: 'useHotelSearch' is defined but never used.  @typescript-eslint/no-unused-vars
6:10  Warning: 'Bike' is defined but never used.  @typescript-eslint/no-unused-vars
6:16  Warning: 'Hotel' is defined but never used.  @typescript-eslint/no-unused-vars
8:10  Warning: 'useHotelStore' is defined but never used.  @typescript-eslint/no-unused-vars
9:10  Warning: 'useGetBikesByFiltersDemo' is defined but never used.  @typescript-eslint/no-unused-vars
67:22  Warning: 'setFilters' is assigned a value but never used.  @typescript-eslint/no-unused-vars
69:14  Warning: 'formatDate' is defined but never used.  @typescript-eslint/no-unused-vars
69:36  Warning: Unexpected any. Specify a different type.  @typescript-eslint/no-explicit-any
84:9  Warning: React Hook React.useMemo has unnecessary dependencies: 'city', 'date', and 'guests'. Either exclude them or remove the dependency array.  react-hooks/exhaustive-deps
88:78  Warning: Unexpected any. Specify a different type.  @typescript-eslint/no-explicit-any

./src/hooks/auth/forgotPassword.ts
7:8  Warning: 'SignUpProps' is defined but never used.  @typescript-eslint/no-unused-vars
8:3  Warning: 'SignUpSchema' is defined but never used.  @typescript-eslint/no-unused-vars
14:10  Warning: 'dotoggleLike' is defined but never used.  @typescript-eslint/no-unused-vars
33:11  Warning: 'refetch' is assigned a value but never used.  @typescript-eslint/no-unused-vars
49:14  Warning: 'error' is defined but never used.  @typescript-eslint/no-unused-vars
75:14  Warning: 'error' is defined but never used.  @typescript-eslint/no-unused-vars
98:14  Warning: 'error' is defined but never used.  @typescript-eslint/no-unused-vars

./src/hooks/auth/use-sign.ts
8:10  Warning: 'useCurrentUser' is defined but never used.  @typescript-eslint/no-unused-vars
26:9  Warning: 'router' is assigned a value but never used.  @typescript-eslint/no-unused-vars
42:17  Warning: 'result' is assigned a value but never used.  @typescript-eslint/no-unused-vars
51:14  Warning: 'error' is defined but never used.  @typescript-eslint/no-unused-vars

./src/hooks/auth/use-signup.ts
45:17  Warning: 'result' is assigned a value but never used.  @typescript-eslint/no-unused-vars
56:14  Warning: 'error' is defined but never used.  @typescript-eslint/no-unused-vars
77:14  Warning: 'error' is defined but never used.  @typescript-eslint/no-unused-vars

./src/inngest/functions.ts
2:10  Warning: 'dotoggleLike' is defined but never used.  @typescript-eslint/no-unused-vars

./src/providers/main-provider/main-provider.tsx
2:17  Warning: 'useEffect' is defined but never used.  @typescript-eslint/no-unused-vars
10:10  Warning: 'Payment' is defined but never used.  @typescript-eslint/no-unused-vars
10:19  Warning: 'useHotelStore' is defined but never used.  @typescript-eslint/no-unused-vars

./src/providers/ProfileSidebarProvider.tsx
3:17  Warning: 'useEffect' is defined but never used.  @typescript-eslint/no-unused-vars
9:3  Warning: 'IconListDetails' is defined but never used.  @typescript-eslint/no-unused-vars
140:9  Warning: 'pathname' is assigned a value but never used.  @typescript-eslint/no-unused-vars

./src/services/adventures/adventures.queries.ts
6:3  Warning: 'getAllAdventures' is defined but never used.  @typescript-eslint/no-unused-vars
33:10  Warning: React Hook "useQuery" is called in function "usegetAvailableAdventures" that is neither a React function component nor a custom React Hook function. React component names must start with an uppercase letter. React Hook names must start with the word "use".  react-hooks/rules-of-hooks
44:10  Warning: React Hook "useQuery" is called in function "usegetAdventureServiceDetails" that is neither a React function component nor a custom React Hook function. React component names must start with an uppercase letter. React Hook names must start with the word "use".  react-hooks/rules-of-hooks
55:10  Warning: React Hook "useQuery" is called in function "usegetAdventureCompanyDetails" that is neither a React function component nor a custom React Hook function. React component names must start with an uppercase letter. React Hook names must start with the word "use".  react-hooks/rules-of-hooks

./src/services/adventures/adventures.service.ts
80:35  Warning: Unexpected any. Specify a different type.  @typescript-eslint/no-explicit-any
81:26  Warning: Unexpected any. Specify a different type.  @typescript-eslint/no-explicit-any
82:31  Warning: Unexpected any. Specify a different type.  @typescript-eslint/no-explicit-any
83:35  Warning: Unexpected any. Specify a different type.  @typescript-eslint/no-explicit-any
109:19  Warning: Unexpected any. Specify a different type.  @typescript-eslint/no-explicit-any
110:33  Warning: Unexpected any. Specify a different type.  @typescript-eslint/no-explicit-any
115:19  Warning: Unexpected any. Specify a different type.  @typescript-eslint/no-explicit-any
116:35  Warning: Unexpected any. Specify a different type.  @typescript-eslint/no-explicit-any
123:19  Warning: Unexpected any. Specify a different type.  @typescript-eslint/no-explicit-any
124:34  Warning: Unexpected any. Specify a different type.  @typescript-eslint/no-explicit-any
125:19  Warning: Unexpected any. Specify a different type.  @typescript-eslint/no-explicit-any
126:35  Warning: Unexpected any. Specify a different type.  @typescript-eslint/no-explicit-any

./src/services/bikes/bikes.queries.ts
4:3  Warning: 'getAllBikes' is defined but never used.  @typescript-eslint/no-unused-vars
37:10  Warning: React Hook "useQuery" is called in function "usegetBikeServiceDetails" that is neither a React function component nor a custom React Hook function. React component names must start with an uppercase letter. React Hook names must start with the word "use".  react-hooks/rules-of-hooks

./src/services/bikes/bikes.service.ts
53:26  Warning: Unexpected any. Specify a different type.  @typescript-eslint/no-explicit-any
54:31  Warning: Unexpected any. Specify a different type.  @typescript-eslint/no-explicit-any
75:19  Warning: Unexpected any. Specify a different type.  @typescript-eslint/no-explicit-any
76:33  Warning: Unexpected any. Specify a different type.  @typescript-eslint/no-explicit-any
81:19  Warning: Unexpected any. Specify a different type.  @typescript-eslint/no-explicit-any
82:35  Warning: Unexpected any. Specify a different type.  @typescript-eslint/no-explicit-any
89:19  Warning: Unexpected any. Specify a different type.  @typescript-eslint/no-explicit-any
90:34  Warning: Unexpected any. Specify a different type.  @typescript-eslint/no-explicit-any
91:19  Warning: Unexpected any. Specify a different type.  @typescript-eslint/no-explicit-any
92:35  Warning: Unexpected any. Specify a different type.  @typescript-eslint/no-explicit-any

./src/services/booking/booking.service.ts
12:43  Warning: Unexpected any. Specify a different type.  @typescript-eslint/no-explicit-any

./src/services/booking/service-booking.service.ts
7:50  Warning: Unexpected any. Specify a different type.  @typescript-eslint/no-explicit-any

./src/services/cabs/cabs.queries.ts
34:10  Warning: React Hook "useQuery" is called in function "usegetCabServiceDetails" that is neither a React function component nor a custom React Hook function. React component names must start with an uppercase letter. React Hook names must start with the word "use".  react-hooks/rules-of-hooks
45:10  Warning: React Hook "useQuery" is called in function "usegetCabCompanyDetails" that is neither a React function component nor a custom React Hook function. React component names must start with an uppercase letter. React Hook names must start with the word "use".  react-hooks/rules-of-hooks

./src/services/cabs/cabs.service.ts
50:19  Warning: Unexpected any. Specify a different type.  @typescript-eslint/no-explicit-any
50:46  Warning: Unexpected any. Specify a different type.  @typescript-eslint/no-explicit-any
51:33  Warning: Unexpected any. Specify a different type.  @typescript-eslint/no-explicit-any
52:31  Warning: Unexpected any. Specify a different type.  @typescript-eslint/no-explicit-any
73:19  Warning: Unexpected any. Specify a different type.  @typescript-eslint/no-explicit-any
74:33  Warning: Unexpected any. Specify a different type.  @typescript-eslint/no-explicit-any
79:19  Warning: Unexpected any. Specify a different type.  @typescript-eslint/no-explicit-any
80:35  Warning: Unexpected any. Specify a different type.  @typescript-eslint/no-explicit-any
87:19  Warning: Unexpected any. Specify a different type.  @typescript-eslint/no-explicit-any
88:34  Warning: Unexpected any. Specify a different type.  @typescript-eslint/no-explicit-any
89:19  Warning: Unexpected any. Specify a different type.  @typescript-eslint/no-explicit-any
90:35  Warning: Unexpected any. Specify a different type.  @typescript-eslint/no-explicit-any

./src/services/dailyfunctions.tsx
11:44  Warning: Unexpected any. Specify a different type.  @typescript-eslint/no-explicit-any
20:10  Warning: 'loading' is assigned a value but never used.  @typescript-eslint/no-unused-vars
20:19  Warning: 'setLoading' is assigned a value but never used.  @typescript-eslint/no-unused-vars
37:81  Warning: Unexpected any. Specify a different type.  @typescript-eslint/no-explicit-any
52:79  Warning: Unexpected any. Specify a different type.  @typescript-eslint/no-explicit-any
67:75  Warning: Unexpected any. Specify a different type.  @typescript-eslint/no-explicit-any
83:81  Warning: Unexpected any. Specify a different type.  @typescript-eslint/no-explicit-any
97:68  Warning: Unexpected any. Specify a different type.  @typescript-eslint/no-explicit-any
106:69  Warning: Unexpected any. Specify a different type.  @typescript-eslint/no-explicit-any
213:9  Warning: 'res' is assigned a value but never used.  @typescript-eslint/no-unused-vars

./src/services/hotel/hotel.service.ts
86:26  Warning: Unexpected any. Specify a different type.  @typescript-eslint/no-explicit-any
87:31  Warning: Unexpected any. Specify a different type.  @typescript-eslint/no-explicit-any
108:19  Warning: Unexpected any. Specify a different type.  @typescript-eslint/no-explicit-any
109:33  Warning: Unexpected any. Specify a different type.  @typescript-eslint/no-explicit-any
114:19  Warning: Unexpected any. Specify a different type.  @typescript-eslint/no-explicit-any
115:35  Warning: Unexpected any. Specify a different type.  @typescript-eslint/no-explicit-any
122:19  Warning: Unexpected any. Specify a different type.  @typescript-eslint/no-explicit-any
123:34  Warning: Unexpected any. Specify a different type.  @typescript-eslint/no-explicit-any
124:19  Warning: Unexpected any. Specify a different type.  @typescript-eslint/no-explicit-any
125:35  Warning: Unexpected any. Specify a different type.  @typescript-eslint/no-explicit-any

./src/services/hotel/querys.ts
8:3  Warning: 'getHotelsForSearch' is defined but never used.  @typescript-eslint/no-unused-vars

./src/services/personal/profile.service.ts
11:19  Warning: Unexpected any. Specify a different type.  @typescript-eslint/no-explicit-any

./src/services/personal/support.service.ts
49:19  Warning: Unexpected any. Specify a different type.  @typescript-eslint/no-explicit-any
67:19  Warning: Unexpected any. Specify a different type.  @typescript-eslint/no-explicit-any
84:19  Warning: Unexpected any. Specify a different type.  @typescript-eslint/no-explicit-any
103:19  Warning: Unexpected any. Specify a different type.  @typescript-eslint/no-explicit-any

./src/services/tours/tours.queries.ts
4:3  Warning: 'getAllTours' is defined but never used.  @typescript-eslint/no-unused-vars

./src/services/tours/tours.service.ts
53:26  Warning: Unexpected any. Specify a different type.  @typescript-eslint/no-explicit-any
54:31  Warning: Unexpected any. Specify a different type.  @typescript-eslint/no-explicit-any
75:19  Warning: Unexpected any. Specify a different type.  @typescript-eslint/no-explicit-any
76:33  Warning: Unexpected any. Specify a different type.  @typescript-eslint/no-explicit-any
81:19  Warning: Unexpected any. Specify a different type.  @typescript-eslint/no-explicit-any
82:35  Warning: Unexpected any. Specify a different type.  @typescript-eslint/no-explicit-any
89:19  Warning: Unexpected any. Specify a different type.  @typescript-eslint/no-explicit-any
90:34  Warning: Unexpected any. Specify a different type.  @typescript-eslint/no-explicit-any
91:19  Warning: Unexpected any. Specify a different type.  @typescript-eslint/no-explicit-any
92:35  Warning: Unexpected any. Specify a different type.  @typescript-eslint/no-explicit-any

info  - Need to disable some ESLint rules? Learn more here: https://nextjs.org/docs/app/api-reference/config/eslint#disabling-rules
